------------------------------------------------------------
TimeQuest Timing Analyzer Summary
------------------------------------------------------------

Type  : Slow 1100mV 85C Model Setup 'clk_dram'
Slack : -2.849
TNS   : -98.293

Type  : Slow 1100mV 85C Model Setup 'NiosII|clocks|sys_pll|altera_pll_i|general[0].gpll~PLL_OUTPUT_COUNTER|divclk'
Slack : 10.088
TNS   : 0.000

Type  : Slow 1100mV 85C Model Setup 'altera_reserved_tck'
Slack : 11.631
TNS   : 0.000

Type  : Slow 1100mV 85C Model Hold 'NiosII|clocks|sys_pll|altera_pll_i|general[0].gpll~PLL_OUTPUT_COUNTER|divclk'
Slack : -3.413
TNS   : -52.689

Type  : Slow 1100mV 85C Model Hold 'altera_reserved_tck'
Slack : 0.125
TNS   : 0.000

Type  : Slow 1100mV 85C Model Hold 'clk_dram'
Slack : 8.611
TNS   : 0.000

Type  : Slow 1100mV 85C Model Recovery 'altera_reserved_tck'
Slack : 14.576
TNS   : 0.000

Type  : Slow 1100mV 85C Model Recovery 'NiosII|clocks|sys_pll|altera_pll_i|general[0].gpll~PLL_OUTPUT_COUNTER|divclk'
Slack : 15.006
TNS   : 0.000

Type  : Slow 1100mV 85C Model Removal 'NiosII|clocks|sys_pll|altera_pll_i|general[0].gpll~PLL_OUTPUT_COUNTER|divclk'
Slack : 0.562
TNS   : 0.000

Type  : Slow 1100mV 85C Model Removal 'altera_reserved_tck'
Slack : 0.783
TNS   : 0.000

Type  : Slow 1100mV 85C Model Minimum Pulse Width 'NiosII|clocks|sys_pll|altera_pll_i|general[0].gpll~FRACTIONAL_PLL|vcoph[0]'
Slack : 1.000
TNS   : 0.000

Type  : Slow 1100mV 85C Model Minimum Pulse Width 'NiosII|clocks|sys_pll|altera_pll_i|general[0].gpll~PLL_OUTPUT_COUNTER|divclk'
Slack : 8.769
TNS   : 0.000

Type  : Slow 1100mV 85C Model Minimum Pulse Width 'NiosII|clocks|sys_pll|altera_pll_i|general[1].gpll~PLL_OUTPUT_COUNTER|divclk'
Slack : 9.841
TNS   : 0.000

Type  : Slow 1100mV 85C Model Minimum Pulse Width 'CLOCK_50'
Slack : 9.900
TNS   : 0.000

Type  : Slow 1100mV 85C Model Minimum Pulse Width 'altera_reserved_tck'
Slack : 15.803
TNS   : 0.000

Type  : Slow 1100mV 0C Model Setup 'clk_dram'
Slack : -2.724
TNS   : -93.744

Type  : Slow 1100mV 0C Model Setup 'NiosII|clocks|sys_pll|altera_pll_i|general[0].gpll~PLL_OUTPUT_COUNTER|divclk'
Slack : 10.332
TNS   : 0.000

Type  : Slow 1100mV 0C Model Setup 'altera_reserved_tck'
Slack : 11.724
TNS   : 0.000

Type  : Slow 1100mV 0C Model Hold 'NiosII|clocks|sys_pll|altera_pll_i|general[0].gpll~PLL_OUTPUT_COUNTER|divclk'
Slack : -3.721
TNS   : -57.583

Type  : Slow 1100mV 0C Model Hold 'altera_reserved_tck'
Slack : 0.114
TNS   : 0.000

Type  : Slow 1100mV 0C Model Hold 'clk_dram'
Slack : 8.560
TNS   : 0.000

Type  : Slow 1100mV 0C Model Recovery 'altera_reserved_tck'
Slack : 14.627
TNS   : 0.000

Type  : Slow 1100mV 0C Model Recovery 'NiosII|clocks|sys_pll|altera_pll_i|general[0].gpll~PLL_OUTPUT_COUNTER|divclk'
Slack : 15.210
TNS   : 0.000

Type  : Slow 1100mV 0C Model Removal 'NiosII|clocks|sys_pll|altera_pll_i|general[0].gpll~PLL_OUTPUT_COUNTER|divclk'
Slack : 0.480
TNS   : 0.000

Type  : Slow 1100mV 0C Model Removal 'altera_reserved_tck'
Slack : 0.734
TNS   : 0.000

Type  : Slow 1100mV 0C Model Minimum Pulse Width 'NiosII|clocks|sys_pll|altera_pll_i|general[0].gpll~FRACTIONAL_PLL|vcoph[0]'
Slack : 1.000
TNS   : 0.000

Type  : Slow 1100mV 0C Model Minimum Pulse Width 'NiosII|clocks|sys_pll|altera_pll_i|general[0].gpll~PLL_OUTPUT_COUNTER|divclk'
Slack : 8.746
TNS   : 0.000

Type  : Slow 1100mV 0C Model Minimum Pulse Width 'NiosII|clocks|sys_pll|altera_pll_i|general[1].gpll~PLL_OUTPUT_COUNTER|divclk'
Slack : 9.812
TNS   : 0.000

Type  : Slow 1100mV 0C Model Minimum Pulse Width 'CLOCK_50'
Slack : 9.926
TNS   : 0.000

Type  : Slow 1100mV 0C Model Minimum Pulse Width 'altera_reserved_tck'
Slack : 15.809
TNS   : 0.000

Type  : Fast 1100mV 85C Model Setup 'clk_dram'
Slack : 1.769
TNS   : 0.000

Type  : Fast 1100mV 85C Model Setup 'NiosII|clocks|sys_pll|altera_pll_i|general[0].gpll~PLL_OUTPUT_COUNTER|divclk'
Slack : 9.932
TNS   : 0.000

Type  : Fast 1100mV 85C Model Setup 'altera_reserved_tck'
Slack : 13.826
TNS   : 0.000

Type  : Fast 1100mV 85C Model Hold 'NiosII|clocks|sys_pll|altera_pll_i|general[0].gpll~PLL_OUTPUT_COUNTER|divclk'
Slack : -1.534
TNS   : -23.293

Type  : Fast 1100mV 85C Model Hold 'altera_reserved_tck'
Slack : 0.025
TNS   : 0.000

Type  : Fast 1100mV 85C Model Hold 'clk_dram'
Slack : 4.758
TNS   : 0.000

Type  : Fast 1100mV 85C Model Recovery 'altera_reserved_tck'
Slack : 15.557
TNS   : 0.000

Type  : Fast 1100mV 85C Model Recovery 'NiosII|clocks|sys_pll|altera_pll_i|general[0].gpll~PLL_OUTPUT_COUNTER|divclk'
Slack : 16.503
TNS   : 0.000

Type  : Fast 1100mV 85C Model Removal 'NiosII|clocks|sys_pll|altera_pll_i|general[0].gpll~PLL_OUTPUT_COUNTER|divclk'
Slack : 0.307
TNS   : 0.000

Type  : Fast 1100mV 85C Model Removal 'altera_reserved_tck'
Slack : 0.385
TNS   : 0.000

Type  : Fast 1100mV 85C Model Minimum Pulse Width 'NiosII|clocks|sys_pll|altera_pll_i|general[0].gpll~FRACTIONAL_PLL|vcoph[0]'
Slack : 1.000
TNS   : 0.000

Type  : Fast 1100mV 85C Model Minimum Pulse Width 'NiosII|clocks|sys_pll|altera_pll_i|general[0].gpll~PLL_OUTPUT_COUNTER|divclk'
Slack : 8.884
TNS   : 0.000

Type  : Fast 1100mV 85C Model Minimum Pulse Width 'CLOCK_50'
Slack : 9.643
TNS   : 0.000

Type  : Fast 1100mV 85C Model Minimum Pulse Width 'NiosII|clocks|sys_pll|altera_pll_i|general[1].gpll~PLL_OUTPUT_COUNTER|divclk'
Slack : 9.909
TNS   : 0.000

Type  : Fast 1100mV 85C Model Minimum Pulse Width 'altera_reserved_tck'
Slack : 15.769
TNS   : 0.000

Type  : Fast 1100mV 0C Model Setup 'clk_dram'
Slack : 2.060
TNS   : 0.000

Type  : Fast 1100mV 0C Model Setup 'NiosII|clocks|sys_pll|altera_pll_i|general[0].gpll~PLL_OUTPUT_COUNTER|divclk'
Slack : 10.427
TNS   : 0.000

Type  : Fast 1100mV 0C Model Setup 'altera_reserved_tck'
Slack : 14.132
TNS   : 0.000

Type  : Fast 1100mV 0C Model Hold 'NiosII|clocks|sys_pll|altera_pll_i|general[0].gpll~PLL_OUTPUT_COUNTER|divclk'
Slack : -1.984
TNS   : -30.487

Type  : Fast 1100mV 0C Model Hold 'altera_reserved_tck'
Slack : 0.016
TNS   : 0.000

Type  : Fast 1100mV 0C Model Hold 'clk_dram'
Slack : 4.533
TNS   : 0.000

Type  : Fast 1100mV 0C Model Recovery 'altera_reserved_tck'
Slack : 15.706
TNS   : 0.000

Type  : Fast 1100mV 0C Model Recovery 'NiosII|clocks|sys_pll|altera_pll_i|general[0].gpll~PLL_OUTPUT_COUNTER|divclk'
Slack : 16.941
TNS   : 0.000

Type  : Fast 1100mV 0C Model Removal 'NiosII|clocks|sys_pll|altera_pll_i|general[0].gpll~PLL_OUTPUT_COUNTER|divclk'
Slack : 0.244
TNS   : 0.000

Type  : Fast 1100mV 0C Model Removal 'altera_reserved_tck'
Slack : 0.334
TNS   : 0.000

Type  : Fast 1100mV 0C Model Minimum Pulse Width 'NiosII|clocks|sys_pll|altera_pll_i|general[0].gpll~FRACTIONAL_PLL|vcoph[0]'
Slack : 1.000
TNS   : 0.000

Type  : Fast 1100mV 0C Model Minimum Pulse Width 'NiosII|clocks|sys_pll|altera_pll_i|general[0].gpll~PLL_OUTPUT_COUNTER|divclk'
Slack : 8.883
TNS   : 0.000

Type  : Fast 1100mV 0C Model Minimum Pulse Width 'CLOCK_50'
Slack : 9.632
TNS   : 0.000

Type  : Fast 1100mV 0C Model Minimum Pulse Width 'NiosII|clocks|sys_pll|altera_pll_i|general[1].gpll~PLL_OUTPUT_COUNTER|divclk'
Slack : 9.906
TNS   : 0.000

Type  : Fast 1100mV 0C Model Minimum Pulse Width 'altera_reserved_tck'
Slack : 15.792
TNS   : 0.000

------------------------------------------------------------
