Archive member included to satisfy reference by file (symbol)

z:/programs/altera/15.0/nios2eds/bin/gnu/h-x86_64-mingw32/bin/../lib/gcc/nios2-elf/4.9.1/../../../../../H-x86_64-mingw32/nios2-elf/lib/mno-hw-mul\libc.a(lib_a-atoi.o)
                              obj/default/hello_world.o (atoi)
z:/programs/altera/15.0/nios2eds/bin/gnu/h-x86_64-mingw32/bin/../lib/gcc/nios2-elf/4.9.1/../../../../../H-x86_64-mingw32/nios2-elf/lib/mno-hw-mul\libc.a(lib_a-fclose.o)
                              obj/default/hello_world.o (fclose)
z:/programs/altera/15.0/nios2eds/bin/gnu/h-x86_64-mingw32/bin/../lib/gcc/nios2-elf/4.9.1/../../../../../H-x86_64-mingw32/nios2-elf/lib/mno-hw-mul\libc.a(lib_a-fflush.o)
                              z:/programs/altera/15.0/nios2eds/bin/gnu/h-x86_64-mingw32/bin/../lib/gcc/nios2-elf/4.9.1/../../../../../H-x86_64-mingw32/nios2-elf/lib/mno-hw-mul\libc.a(lib_a-fclose.o) (_fflush_r)
z:/programs/altera/15.0/nios2eds/bin/gnu/h-x86_64-mingw32/bin/../lib/gcc/nios2-elf/4.9.1/../../../../../H-x86_64-mingw32/nios2-elf/lib/mno-hw-mul\libc.a(lib_a-findfp.o)
                              z:/programs/altera/15.0/nios2eds/bin/gnu/h-x86_64-mingw32/bin/../lib/gcc/nios2-elf/4.9.1/../../../../../H-x86_64-mingw32/nios2-elf/lib/mno-hw-mul\libc.a(lib_a-fclose.o) (__sinit)
z:/programs/altera/15.0/nios2eds/bin/gnu/h-x86_64-mingw32/bin/../lib/gcc/nios2-elf/4.9.1/../../../../../H-x86_64-mingw32/nios2-elf/lib/mno-hw-mul\libc.a(lib_a-fopen.o)
                              obj/default/hello_world.o (fopen)
z:/programs/altera/15.0/nios2eds/bin/gnu/h-x86_64-mingw32/bin/../lib/gcc/nios2-elf/4.9.1/../../../../../H-x86_64-mingw32/nios2-elf/lib/mno-hw-mul\libc.a(lib_a-freer.o)
                              z:/programs/altera/15.0/nios2eds/bin/gnu/h-x86_64-mingw32/bin/../lib/gcc/nios2-elf/4.9.1/../../../../../H-x86_64-mingw32/nios2-elf/lib/mno-hw-mul\libc.a(lib_a-fclose.o) (_free_r)
z:/programs/altera/15.0/nios2eds/bin/gnu/h-x86_64-mingw32/bin/../lib/gcc/nios2-elf/4.9.1/../../../../../H-x86_64-mingw32/nios2-elf/lib/mno-hw-mul\libc.a(lib_a-fseek.o)
                              z:/programs/altera/15.0/nios2eds/bin/gnu/h-x86_64-mingw32/bin/../lib/gcc/nios2-elf/4.9.1/../../../../../H-x86_64-mingw32/nios2-elf/lib/mno-hw-mul\libc.a(lib_a-fopen.o) (_fseek_r)
z:/programs/altera/15.0/nios2eds/bin/gnu/h-x86_64-mingw32/bin/../lib/gcc/nios2-elf/4.9.1/../../../../../H-x86_64-mingw32/nios2-elf/lib/mno-hw-mul\libc.a(lib_a-fstatr.o)
                              z:/programs/altera/15.0/nios2eds/bin/gnu/h-x86_64-mingw32/bin/../lib/gcc/nios2-elf/4.9.1/../../../../../H-x86_64-mingw32/nios2-elf/lib/mno-hw-mul\libc.a(lib_a-fseek.o) (_fstat_r)
z:/programs/altera/15.0/nios2eds/bin/gnu/h-x86_64-mingw32/bin/../lib/gcc/nios2-elf/4.9.1/../../../../../H-x86_64-mingw32/nios2-elf/lib/mno-hw-mul\libc.a(lib_a-fwalk.o)
                              z:/programs/altera/15.0/nios2eds/bin/gnu/h-x86_64-mingw32/bin/../lib/gcc/nios2-elf/4.9.1/../../../../../H-x86_64-mingw32/nios2-elf/lib/mno-hw-mul\libc.a(lib_a-findfp.o) (_fwalk)
z:/programs/altera/15.0/nios2eds/bin/gnu/h-x86_64-mingw32/bin/../lib/gcc/nios2-elf/4.9.1/../../../../../H-x86_64-mingw32/nios2-elf/lib/mno-hw-mul\libc.a(lib_a-fwrite.o)
                              obj/default/hello_world.o (fwrite)
z:/programs/altera/15.0/nios2eds/bin/gnu/h-x86_64-mingw32/bin/../lib/gcc/nios2-elf/4.9.1/../../../../../H-x86_64-mingw32/nios2-elf/lib/mno-hw-mul\libc.a(lib_a-getc.o)
                              obj/default/hello_world.o (getc)
z:/programs/altera/15.0/nios2eds/bin/gnu/h-x86_64-mingw32/bin/../lib/gcc/nios2-elf/4.9.1/../../../../../H-x86_64-mingw32/nios2-elf/lib/mno-hw-mul\libc.a(lib_a-impure.o)
                              z:/programs/altera/15.0/nios2eds/bin/gnu/h-x86_64-mingw32/bin/../lib/gcc/nios2-elf/4.9.1/../../../../../H-x86_64-mingw32/nios2-elf/lib/mno-hw-mul\libc.a(lib_a-fflush.o) (_global_impure_ptr)
z:/programs/altera/15.0/nios2eds/bin/gnu/h-x86_64-mingw32/bin/../lib/gcc/nios2-elf/4.9.1/../../../../../H-x86_64-mingw32/nios2-elf/lib/mno-hw-mul\libc.a(lib_a-int_errno.o)
                              z:/programs/altera/15.0/nios2eds/bin/gnu/h-x86_64-mingw32/bin/../lib/gcc/nios2-elf/4.9.1/../../../../../H-x86_64-mingw32/nios2-elf/lib/mno-hw-mul\libc.a(lib_a-fstatr.o) (errno)
z:/programs/altera/15.0/nios2eds/bin/gnu/h-x86_64-mingw32/bin/../lib/gcc/nios2-elf/4.9.1/../../../../../H-x86_64-mingw32/nios2-elf/lib/mno-hw-mul\libc.a(lib_a-makebuf.o)
                              z:/programs/altera/15.0/nios2eds/bin/gnu/h-x86_64-mingw32/bin/../lib/gcc/nios2-elf/4.9.1/../../../../../H-x86_64-mingw32/nios2-elf/lib/mno-hw-mul\libc.a(lib_a-fseek.o) (__smakebuf_r)
z:/programs/altera/15.0/nios2eds/bin/gnu/h-x86_64-mingw32/bin/../lib/gcc/nios2-elf/4.9.1/../../../../../H-x86_64-mingw32/nios2-elf/lib/mno-hw-mul\libc.a(lib_a-mallocr.o)
[...]
Memory Configuration

Name             Origin             Length             Attributes
onchip_memory2_0 0x0000000000000000 0x000000000000a000
reset            0x0000000008000000 0x0000000000000020
SDRAM            0x0000000008000020 0x0000000003ffffe0
*default*        0x0000000000000000 0xffffffffffffffff

Linker script and memory map

LOAD ../hello_world_bsp//obj/HAL/src/crt0.o
LOAD obj/default/hello_world.o
LOAD z:/programs/altera/15.0/nios2eds/bin/gnu/h-x86_64-mingw32/bin/../lib/gcc/nios2-elf/4.9.1/../../../../../H-x86_64-mingw32/nios2-elf/lib/mno-hw-mul\libstdc++.a
LOAD z:/programs/altera/15.0/nios2eds/bin/gnu/h-x86_64-mingw32/bin/../lib/gcc/nios2-elf/4.9.1/../../../../../H-x86_64-mingw32/nios2-elf/lib/mno-hw-mul\libm.a
LOAD z:/programs/altera/15.0/nios2eds/bin/gnu/h-x86_64-mingw32/bin/../lib/gcc/nios2-elf/4.9.1/mno-hw-mul\libgcc.a
START GROUP
LOAD z:/programs/altera/15.0/nios2eds/bin/gnu/h-x86_64-mingw32/bin/../lib/gcc/nios2-elf/4.9.1/../../../../../H-x86_64-mingw32/nios2-elf/lib/mno-hw-mul\libc.a
LOAD z:/programs/altera/15.0/nios2eds/bin/gnu/h-x86_64-mingw32/bin/../lib/gcc/nios2-elf/4.9.1/mno-hw-mul\libgcc.a
LOAD ../hello_world_bsp/\libhal_bsp.a
LOAD z:/programs/altera/15.0/nios2eds/bin/gnu/h-x86_64-mingw32/bin/../lib/gcc/nios2-elf/4.9.1/../../../../../H-x86_64-mingw32/nios2-elf/lib/mno-hw-mul\libm.a
END GROUP
LOAD z:/programs/altera/15.0/nios2eds/bin/gnu/h-x86_64-mingw32/bin/../lib/gcc/nios2-elf/4.9.1/mno-hw-mul\libgcc.a
                0x0000000000000000                __alt_mem_onchip_memory2_0 = 0x0
                0x0000000008000000                __alt_mem_SDRAM = 0x8000000

.entry          0x0000000008000000       0x20
 *(.entry)
 .entry         0x0000000008000000       0x20 ../hello_world_bsp//obj/HAL/src/crt0.o
                0x0000000008000000                __reset

.exceptions     0x0000000008000020      0x19c
                0x0000000008000020                PROVIDE (__ram_exceptions_start, ABSOLUTE (.))
                0x0000000008000020                . = ALIGN (0x20)
 *(.irq)
 *(.exceptions.entry.label)
 .exceptions.entry.label
                0x0000000008000020        0x0 ../hello_world_bsp/\libhal_bsp.a(alt_irq_entry.o)
                0x0000000008000020                alt_irq_entry
 .exceptions.entry.label
                0x0000000008000020        0x0 ../hello_world_bsp/\libhal_bsp.a(alt_exception_entry.o)
                0x0000000008000020                alt_exception
 *(.exceptions.entry.user)
 *(.exceptions.entry.ecc_fatal)
 *(.exceptions.entry)
 .exceptions.entry
                0x0000000008000020       0x54 ../hello_world_bsp/\libhal_bsp.a(alt_exception_entry.o)
 *(.exceptions.irqtest.user)
 *(.exceptions.irqtest)
 .exceptions.irqtest
                0x0000000008000074       0x10 ../hello_world_bsp/\libhal_bsp.a(alt_irq_entry.o)
 *(.exceptions.irqhandler.user)
 *(.exceptions.irqhandler)
 .exceptions.irqhandler
                0x0000000008000084        0x4 ../hello_world_bsp/\libhal_bsp.a(alt_irq_entry.o)
 *(.exceptions.irqreturn.user)
 *(.exceptions.irqreturn)
 .exceptions.irqreturn
                0x0000000008000088        0x4 ../hello_world_bsp/\libhal_bsp.a(alt_irq_entry.o)
 *(.exceptions.notirq.label)
 .exceptions.notirq.label
                0x000000000800008c        0x0 ../hello_world_bsp/\libhal_bsp.a(alt_irq_entry.o)
 *(.exceptions.notirq.user)
 *(.exceptions.notirq)
 .exceptions.notirq
                0x000000000800008c        0x8 ../hello_world_bsp/\libhal_bsp.a(alt_exception_entry.o)
 *(.exceptions.soft.user)
 *(.exceptions.soft)
 *(.exceptions.unknown.user)
 *(.exceptions.unknown)
 .exceptions.unknown
                0x0000000008000094        0x4 ../hello_world_bsp/\libhal_bsp.a(alt_exception_entry.o)
 *(.exceptions.exit.label)
 .exceptions.exit.label
                0x0000000008000098        0x0 ../hello_world_bsp/\libhal_bsp.a(alt_irq_entry.o)
 .exceptions.exit.label
                0x0000000008000098        0x0 ../hello_world_bsp/\libhal_bsp.a(alt_exception_entry.o)
 *(.exceptions.exit.user)
 *(.exceptions.exit)
 .exceptions.exit
                0x0000000008000098       0x54 ../hello_world_bsp/\libhal_bsp.a(alt_exception_entry.o)
 *(.exceptions)
 .exceptions    0x00000000080000ec       0xd0 ../hello_world_bsp/\libhal_bsp.a(alt_irq_handler.o)
                0x00000000080000ec                alt_irq_handler
                0x00000000080001bc                PROVIDE (__ram_exceptions_end, ABSOLUTE (.))
                0x0000000008000020                PROVIDE (__flash_exceptions_start, LOADADDR (.exceptions))

.text           0x00000000080001bc    0x1181c
                0x00000000080001bc                PROVIDE (stext, ABSOLUTE (.))
 *(.interp)
 *(.hash)
 *(.dynsym)
 *(.dynstr)
 *(.gnu.version)
 *(.gnu.version_d)
 *(.gnu.version_r)
 *(.rel.init)
 *(.rela.init)
 *(.rel.text .rel.text.* .rel.gnu.linkonce.t.*)
 *(.rela.text .rela.text.* .rela.gnu.linkonce.t.*)
 *(.rel.fini)
 *(.rela.fini)
 *(.rel.rodata .rel.rodata.* .rel.gnu.linkonce.r.*)
 *(.rela.rodata .rela.rodata.* .rela.gnu.linkonce.r.*)
 *(.rel.data .rel.data.* .rel.gnu.linkonce.d.*)
 *(.rela.data .rela.data.* .rela.gnu.linkonce.d.*)
 *(.rel.tdata .rel.tdata.* .rel.gnu.linkonce.td.*)
 *(.rela.tdata .rela.tdata.* .rela.gnu.linkonce.td.*)
 *(.rel.tbss .rel.tbss.* .rel.gnu.linkonce.tb.*)
 *(.rela.tbss .rela.tbss.* .rela.gnu.linkonce.tb.*)
 *(.rel.ctors)
 *(.rela.ctors)
 *(.rel.dtors)
 *(.rela.dtors)
 *(.rel.got)
 *(.rela.got)
 *(.rel.sdata .rel.sdata.* .rel.gnu.linkonce.s.*)
 *(.rela.sdata .rela.sdata.* .rela.gnu.linkonce.s.*)
 *(.rel.sbss .rel.sbss.* .rel.gnu.linkonce.sb.*)
 *(.rela.sbss .rela.sbss.* .rela.gnu.linkonce.sb.*)
 *(.rel.sdata2 .rel.sdata2.* .rel.gnu.linkonce.s2.*)
 *(.rela.sdata2 .rela.sdata2.* .rela.gnu.linkonce.s2.*)
 *(.rel.sbss2 .rel.sbss2.* .rel.gnu.linkonce.sb2.*)
 *(.rela.sbss2 .rela.sbss2.* .rela.gnu.linkonce.sb2.*)
 *(.rel.bss .rel.bss.* .rel.gnu.linkonce.b.*)
 *(.rela.bss .rela.bss.* .rela.gnu.linkonce.b.*)
 *(.rel.plt)
 *(.rela.plt)
 *(.rel.dyn)
 *(.init)
 *(.plt)
 *(.text .stub .text.* .gnu.linkonce.t.*)
 .text          0x00000000080001bc       0x3c ../hello_world_bsp//obj/HAL/src/crt0.o
                0x00000000080001bc                _start
 .text          0x00000000080001f8      0xdcc obj/default/hello_world.o
                0x00000000080001f8                main
                0x0000000008000350                get_gps
                0x0000000008000a30                erase_log
                0x0000000008000b80                start_log
                0x0000000008000ce0                snapshot_log
                0x0000000008000e30                dump_log
 .text          0x0000000008000fc4       0x18 z:/programs/altera/15.0/nios2eds/bin/gnu/h-x86_64-mingw32/bin/../lib/gcc/nios2-elf/4.9.1/../../../../../H-x86_64-mingw32/nios2-elf/lib/mno-hw-mul\libc.a(lib_a-atoi.o)
                0x0000000008000fc4                atoi
                0x0000000008000fd0                _atoi_r
 .text          0x0000000008000fdc      0x114 z:/programs/altera/15.0/nios2eds/bin/gnu/h-x86_64-mingw32/bin/../lib/gcc/nios2-elf/4.9.1/../../../../../H-x86_64-mingw32/nios2-elf/lib/mno-hw-mul\libc.a(lib_a-fclose.o)
                0x0000000008000fdc                _fclose_r
                0x00000000080010dc                fclose
 .text          0x00000000080010f0      0x258 z:/programs/altera/15.0/nios2eds/bin/gnu/h-x86_64-mingw32/bin/../lib/gcc/nios2-elf/4.9.1/../../../../../H-x86_64-mingw32/nios2-elf/lib/mno-hw-mul\libc.a(lib_a-fflush.o)
                0x00000000080010f0                _fflush_r
                0x0000000008001318                fflush
 .text          0x0000000008001348      0x3b4 z:/programs/altera/15.0/nios2eds/bin/gnu/h-x86_64-mingw32/bin/../lib/gcc/nios2-elf/4.9.1/../../../../../H-x86_64-mingw32/nios2-elf/lib/mno-hw-mul\libc.a(lib_a-findfp.o)
                0x0000000008001358                _cleanup_r
                0x0000000008001504                __sfmoreglue
                0x000000000800157c                __sfp
                0x0000000008001694                _cleanup
                0x00000000080016ac                __sinit
                0x00000000080016bc                __sfp_lock_acquire
                0x00000000080016c0                __sfp_lock_release
                0x00000000080016c4                __sinit_lock_acquire
                0x00000000080016c8                __sinit_lock_release
                0x00000000080016cc                __fp_lock_all
                0x00000000080016e4                __fp_unlock_all
 .text          0x00000000080016fc      0x10c z:/programs/altera/15.0/nios2eds/bin/gnu/h-x86_64-mingw32/bin/../lib/gcc/nios2-elf/4.9.1/../../../../../H-x86_64-mingw32/nios2-elf/lib/mno-hw-mul\libc.a(lib_a-fopen.o)
                0x00000000080016fc                _fopen_r
                0x00000000080017ec                fopen
 .text          0x0000000008001808      0x414 z:/programs/altera/15.0/nios2eds/bin/gnu/h-x86_64-mingw32/bin/../lib/gcc/nios2-elf/4.9.1/../../../../../H-x86_64-mingw32/nios2-elf/lib/mno-hw-mul\libc.a(lib_a-freer.o)
                0x0000000008001808                _malloc_trim_r
                0x000000000800192c                _free_r
 .text          0x0000000008001c1c      0x478 z:/programs/altera/15.0/nios2eds/bin/gnu/h-x86_64-mingw32/bin/../lib/gcc/nios2-elf/4.9.1/../../../../../H-x86_64-mingw32/nios2-elf/lib/mno-hw-mul\libc.a(lib_a-fseek.o)
                0x0000000008001c1c                _fseek_r
                0x0000000008002070                fseek
 .text          0x0000000008002094       0x58 z:/programs/altera/15.0/nios2eds/bin/gnu/h-x86_64-mingw32/bin/../lib/gcc/nios2-elf/4.9.1/../../../../../H-x86_64-mingw32/nios2-elf/lib/mno-hw-mul\libc.a(lib_a-fstatr.o)
                0x0000000008002094                _fstat_r
 .text          0x00000000080020ec      0x170 z:/programs/altera/15.0/nios2eds/bin/gnu/h-x86_64-mingw32/bin/../lib/gcc/nios2-elf/4.9.1/../../../../../H-x86_64-mingw32/nios2-elf/lib/mno-hw-mul\libc.a(lib_a-fwalk.o)
                0x00000000080020ec                _fwalk
                0x00000000080021a4                _fwalk_reent
 .text          0x000000000800225c      0x11c z:/programs/altera/15.0/nios2eds/bin/gnu/h-x86_64-mingw32/bin/../lib/gcc/nios2-elf/4.9.1/../../../../../H-x86_64-mingw32/nios2-elf/lib/mno-hw-mul\libc.a(lib_a-fwrite.o)
                0x000000000800225c                _fwrite_r
                0x0000000008002338                fwrite
 .text          0x0000000008002378      0x108 z:/programs/altera/15.0/nios2eds/bin/gnu/h-x86_64-mingw32/bin/../lib/gcc/nios2-elf/4.9.1/../../../../../H-x86_64-mingw32/nios2-elf/lib/mno-hw-mul\libc.a(lib_a-getc.o)
                0x0000000008002378                _getc_r
                0x00000000080023f8                getc
 .text          0x0000000008002480        0x0 z:/programs/altera/15.0/nios2eds/bin/gnu/h-x86_64-mingw32/bin/../lib/gcc/nios2-elf/4.9.1/../../../../../H-x86_64-mingw32/nios2-elf/lib/mno-hw-mul\libc.a(lib_a-impure.o)
 .text          0x0000000008002480        0x0 z:/programs/altera/15.0/nios2eds/bin/gnu/h-x86_64-mingw32/bin/../lib/gcc/nios2-elf/4.9.1/../../../../../H-x86_64-mingw32/nios2-elf/lib/mno-hw-mul\libc.a(lib_a-int_errno.o)
 .text          0x0000000008002480      0x1b8 z:/programs/altera/15.0/nios2eds/bin/gnu/h-x86_64-mingw32/bin/../lib/gcc/nios2-elf/4.9.1/../../../../../H-x86_64-mingw32/nios2-elf/lib/mno-hw-mul\libc.a(lib_a-makebuf.o)
                0x0000000008002480                __smakebuf_r
 .text          0x0000000008002638      0x7a8 z:/programs/altera/15.0/nios2eds/bin/gnu/h-x86_64-mingw32/bin/../lib/gcc/nios2-elf/4.9.1/../../../../../H-x86_64-mingw32/nios2-elf/lib/mno-hw-mul\libc.a(lib_a-mallocr.o)
                0x0000000008002638                _malloc_r
 .text          0x0000000008002de0      0x124 z:/programs/altera/15.0/nios2eds/bin/gnu/h-x86_64-mingw32/bin/../lib/gcc/nios2-elf/4.9.1/../../../../../H-x86_64-mingw32/nios2-elf/lib/mno-hw-mul\libc.a(lib_a-memset.o)
                0x0000000008002de0                memset
 .text          0x0000000008002f04       0x5c z:/programs/altera/15.0/nios2eds/bin/gnu/h-x86_64-mingw32/bin/../lib/gcc/nios2-elf/4.9.1/../../../../../H-x86_64-mingw32/nios2-elf/lib/mno-hw-mul\libc.a(lib_a-openr.o)
                0x0000000008002f04                _open_r
 .text          0x0000000008002f60       0x68 z:/programs/altera/15.0/nios2eds/bin/gnu/h-x86_64-mingw32/bin/../lib/gcc/nios2-elf/4.9.1/../../../../../H-x86_64-mingw32/nios2-elf/lib/mno-hw-mul\libc.a(lib_a-printf.o)
                0x0000000008002f60                _printf_r
                0x0000000008002f8c                printf
 .text          0x0000000008002fc8       0xcc z:/programs/altera/15.0/nios2eds/bin/gnu/h-x86_64-mingw32/bin/../lib/gcc/nios2-elf/4.9.1/../../../../../H-x86_64-mingw32/nios2-elf/lib/mno-hw-mul\libc.a(lib_a-puts.o)
                0x0000000008002fc8                _puts_r
                0x0000000008003080                puts
 .text          0x0000000008003094      0x1c4 z:/programs/altera/15.0/nios2eds/bin/gnu/h-x86_64-mingw32/bin/../lib/gcc/nios2-elf/4.9.1/../../../../../H-x86_64-mingw32/nios2-elf/lib/mno-hw-mul\libc.a(lib_a-refill.o)
                0x00000000080030b0                __srefill_r
 .text          0x0000000008003258       0x88 z:/programs/altera/15.0/nios2eds/bin/gnu/h-x86_64-mingw32/bin/../lib/gcc/nios2-elf/4.9.1/../../../../../H-x86_64-mingw32/nios2-elf/lib/mno-hw-mul\libc.a(lib_a-rget.o)
                0x0000000008003258                __srget_r
                0x00000000080032cc                __srget
 .text          0x00000000080032e0       0x54 z:/programs/altera/15.0/nios2eds/bin/gnu/h-x86_64-mingw32/bin/../lib/gcc/nios2-elf/4.9.1/../../../../../H-x86_64-mingw32/nios2-elf/lib/mno-hw-mul\libc.a(lib_a-sbrkr.o)
                0x00000000080032e0                _sbrk_r
 .text          0x0000000008003334      0x13c z:/programs/altera/15.0/nios2eds/bin/gnu/h-x86_64-mingw32/bin/../lib/gcc/nios2-elf/4.9.1/../../../../../H-x86_64-mingw32/nios2-elf/lib/mno-hw-mul\libc.a(lib_a-stdio.o)
                0x0000000008003334                __sread
                0x0000000008003388                __seofread
                0x0000000008003390                __swrite
                0x000000000800340c                __sseek
                0x0000000008003468                __sclose
 .text          0x0000000008003470       0x98 z:/programs/altera/15.0/nios2eds/bin/gnu/h-x86_64-mingw32/bin/../lib/gcc/nios2-elf/4.9.1/../../../../../H-x86_64-mingw32/nios2-elf/lib/mno-hw-mul\libc.a(lib_a-strlen.o)
                0x0000000008003470                strlen
 .text          0x0000000008003508       0xc0 z:/programs/altera/15.0/nios2eds/bin/gnu/h-x86_64-mingw32/bin/../lib/gcc/nios2-elf/4.9.1/../../../../../H-x86_64-mingw32/nios2-elf/lib/mno-hw-mul\libc.a(lib_a-strncmp.o)
                0x0000000008003508                strncmp
 .text          0x00000000080035c8      0x28c z:/programs/altera/15.0/nios2eds/bin/gnu/h-x86_64-mingw32/bin/../lib/gcc/nios2-elf/4.9.1/../../../../../H-x86_64-mingw32/nios2-elf/lib/mno-hw-mul\libc.a(lib_a-strtol.o)
                0x00000000080035c8                _strtol_r
                0x0000000008003830                strtol
 .text          0x0000000008003854     0x2120 z:/programs/altera/15.0/nios2eds/bin/gnu/h-x86_64-mingw32/bin/../lib/gcc/nios2-elf/4.9.1/../../../../../H-x86_64-mingw32/nios2-elf/lib/mno-hw-mul\libc.a(lib_a-vfprintf.o)
                0x0000000008003854                ___vfprintf_internal_r
                0x0000000008005950                __vfprintf_internal
 .text          0x0000000008005974       0x5c z:/programs/altera/15.0/nios2eds/bin/gnu/h-x86_64-mingw32/bin/../lib/gcc/nios2-elf/4.9.1/../../../../../H-x86_64-mingw32/nios2-elf/lib/mno-hw-mul\libc.a(lib_a-writer.o)
                0x0000000008005974                _write_r
 .text          0x00000000080059d0      0x130 z:/programs/altera/15.0/nios2eds/bin/gnu/h-x86_64-mingw32/bin/../lib/gcc/nios2-elf/4.9.1/../../../../../H-x86_64-mingw32/nios2-elf/lib/mno-hw-mul\libc.a(lib_a-wsetup.o)
                0x00000000080059d0                __swsetup_r
 .text          0x0000000008005b00       0x54 z:/programs/altera/15.0/nios2eds/bin/gnu/h-x86_64-mingw32/bin/../lib/gcc/nios2-elf/4.9.1/../../../../../H-x86_64-mingw32/nios2-elf/lib/mno-hw-mul\libc.a(closer.o)
                0x0000000008005b00                _close_r
 .text          0x0000000008005b54        0x0 z:/programs/altera/15.0/nios2eds/bin/gnu/h-x86_64-mingw32/bin/../lib/gcc/nios2-elf/4.9.1/../../../../../H-x86_64-mingw32/nios2-elf/lib/mno-hw-mul\libc.a(lib_a-ctype_.o)
 .text          0x0000000008005b54     0x1950 z:/programs/altera/15.0/nios2eds/bin/gnu/h-x86_64-mingw32/bin/../lib/gcc/nios2-elf/4.9.1/../../../../../H-x86_64-mingw32/nios2-elf/lib/mno-hw-mul\libc.a(lib_a-dtoa.o)
                0x0000000008005d7c                _dtoa_r
 .text          0x00000000080074a4       0x98 z:/programs/altera/15.0/nios2eds/bin/gnu/h-x86_64-mingw32/bin/../lib/gcc/nios2-elf/4.9.1/../../../../../H-x86_64-mingw32/nios2-elf/lib/mno-hw-mul\libc.a(lib_a-flags.o)
                0x00000000080074a4                __sflags
 .text          0x000000000800753c      0x4a4 z:/programs/altera/15.0/nios2eds/bin/gnu/h-x86_64-mingw32/bin/../lib/gcc/nios2-elf/4.9.1/../../../../../H-x86_64-mingw32/nios2-elf/lib/mno-hw-mul\libc.a(lib_a-fvwrite.o)
                0x000000000800753c                __sfvwrite_r
 .text          0x00000000080079e0       0x54 z:/programs/altera/15.0/nios2eds/bin/gnu/h-x86_64-mingw32/bin/../lib/gcc/nios2-elf/4.9.1/../../../../../H-x86_64-mingw32/nios2-elf/lib/mno-hw-mul\libc.a(lib_a-isattyr.o)
                0x00000000080079e0                _isatty_r
 .text          0x0000000008007a34       0xe0 z:/programs/altera/15.0/nios2eds/bin/gnu/h-x86_64-mingw32/bin/../lib/gcc/nios2-elf/4.9.1/../../../../../H-x86_64-mingw32/nios2-elf/lib/mno-hw-mul\libc.a(lib_a-locale.o)
                0x0000000008007a34                _setlocale_r
                0x0000000008007ab0                __locale_charset
                0x0000000008007abc                __locale_mb_cur_max
                0x0000000008007acc                __locale_msgcharset
                0x0000000008007ad8                __locale_cjk_lang
                0x0000000008007ae0                _localeconv_r
                0x0000000008007aec                setlocale
                0x0000000008007b08                localeconv
 .text          0x0000000008007b14       0x5c z:/programs/altera/15.0/nios2eds/bin/gnu/h-x86_64-mingw32/bin/../lib/gcc/nios2-elf/4.9.1/../../../../../H-x86_64-mingw32/nios2-elf/lib/mno-hw-mul\libc.a(lib_a-lseekr.o)
                0x0000000008007b14                _lseek_r
 .text          0x0000000008007b70       0xe8 z:/programs/altera/15.0/nios2eds/bin/gnu/h-x86_64-mingw32/bin/../lib/gcc/nios2-elf/4.9.1/../../../../../H-x86_64-mingw32/nios2-elf/lib/mno-hw-mul\libc.a(lib_a-memchr.o)
                0x0000000008007b70                memchr
 .text          0x0000000008007c58      0x138 z:/programs/altera/15.0/nios2eds/bin/gnu/h-x86_64-mingw32/bin/../lib/gcc/nios2-elf/4.9.1/../../../../../H-x86_64-mingw32/nios2-elf/lib/mno-hw-mul\libc.a(lib_a-memcpy.o)
                0x0000000008007c58                memcpy
 .text          0x0000000008007d90      0x15c z:/programs/altera/15.0/nios2eds/bin/gnu/h-x86_64-mingw32/bin/../lib/gcc/nios2-elf/4.9.1/../../../../../H-x86_64-mingw32/nios2-elf/lib/mno-hw-mul\libc.a(lib_a-memmove.o)
                0x0000000008007d90                memmove
 .text          0x0000000008007eec     0x1048 z:/programs/altera/15.0/nios2eds/bin/gnu/h-x86_64-mingw32/bin/../lib/gcc/nios2-elf/4.9.1/../../../../../H-x86_64-mingw32/nios2-elf/lib/mno-hw-mul\libc.a(lib_a-mprec.o)
                0x0000000008007eec                _Balloc
                0x0000000008007f94                _Bfree
                0x0000000008007fbc                __multadd
                0x00000000080080f8                __s2b
                0x00000000080081fc                __hi0bits
                0x0000000008008264                __lo0bits
                0x0000000008008314                __i2b
                0x0000000008008350                __multiply
                0x00000000080085e0                __pow5mult
                0x0000000008008720                __lshift
                0x0000000008008868                __mcmp
                0x00000000080088c8                __mdiff
                0x0000000008008a60                __ulp
                0x0000000008008ac0                __b2d
                0x0000000008008bdc                __d2b
                0x0000000008008d18                __ratio
                0x0000000008008dbc                _mprec_log10
                0x0000000008008e30                __copybits
                0x0000000008008ea8                __any_on
 .text          0x0000000008008f34       0x5c z:/programs/altera/15.0/nios2eds/bin/gnu/h-x86_64-mingw32/bin/../lib/gcc/nios2-elf/4.9.1/../../../../../H-x86_64-mingw32/nios2-elf/lib/mno-hw-mul\libc.a(lib_a-readr.o)
                0x0000000008008f34                _read_r
 .text          0x0000000008008f90      0x5a0 z:/programs/altera/15.0/nios2eds/bin/gnu/h-x86_64-mingw32/bin/../lib/gcc/nios2-elf/4.9.1/../../../../../H-x86_64-mingw32/nios2-elf/lib/mno-hw-mul\libc.a(lib_a-reallocr.o)
                0x0000000008008f90                _realloc_r
 .text          0x0000000008009530       0x74 z:/programs/altera/15.0/nios2eds/bin/gnu/h-x86_64-mingw32/bin/../lib/gcc/nios2-elf/4.9.1/../../../../../H-x86_64-mingw32/nios2-elf/lib/mno-hw-mul\libc.a(lib_a-s_fpclassify.o)
                0x0000000008009530                __fpclassifyd
 .text          0x00000000080095a4       0xa4 z:/programs/altera/15.0/nios2eds/bin/gnu/h-x86_64-mingw32/bin/../lib/gcc/nios2-elf/4.9.1/../../../../../H-x86_64-mingw32/nios2-elf/lib/mno-hw-mul\libc.a(lib_a-strcmp.o)
                0x00000000080095a4                strcmp
 .text          0x0000000008009648     0x155c z:/programs/altera/15.0/nios2eds/bin/gnu/h-x86_64-mingw32/bin/../lib/gcc/nios2-elf/4.9.1/../../../../../H-x86_64-mingw32/nios2-elf/lib/mno-hw-mul\libc.a(lib_a-vfiprintf.o)
                0x0000000008009744                __sprint_r
                0x000000000800975c                ___vfiprintf_internal_r
                0x000000000800ab80                __vfiprintf_internal
 .text          0x000000000800aba4       0xd8 z:/programs/altera/15.0/nios2eds/bin/gnu/h-x86_64-mingw32/bin/../lib/gcc/nios2-elf/4.9.1/../../../../../H-x86_64-mingw32/nios2-elf/lib/mno-hw-mul\libc.a(lib_a-callocr.o)
                0x000000000800aba4                _calloc_r
 .text          0x000000000800ac7c      0x1dc z:/programs/altera/15.0/nios2eds/bin/gnu/h-x86_64-mingw32/bin/../lib/gcc/nios2-elf/4.9.1/../../../../../H-x86_64-mingw32/nios2-elf/lib/mno-hw-mul\libc.a(lib_a-fputwc.o)
                0x000000000800ac7c                _fputwc_r
                0x000000000800ae00                fputwc
 .text          0x000000000800ae58      0x170 z:/programs/altera/15.0/nios2eds/bin/gnu/h-x86_64-mingw32/bin/../lib/gcc/nios2-elf/4.9.1/../../../../../H-x86_64-mingw32/nios2-elf/lib/mno-hw-mul\libc.a(lib_a-wbuf.o)
                0x000000000800ae58                __swbuf_r
                0x000000000800afac                __swbuf
 .text          0x000000000800afc8      0x174 z:/programs/altera/15.0/nios2eds/bin/gnu/h-x86_64-mingw32/bin/../lib/gcc/nios2-elf/4.9.1/../../../../../H-x86_64-mingw32/nios2-elf/lib/mno-hw-mul\libc.a(lib_a-wcrtomb.o)
                0x000000000800afc8                _wcrtomb_r
                0x000000000800b064                wcrtomb
 .text          0x000000000800b13c       0x8c z:/programs/altera/15.0/nios2eds/bin/gnu/h-x86_64-mingw32/bin/../lib/gcc/nios2-elf/4.9.1/../../../../../H-x86_64-mingw32/nios2-elf/lib/mno-hw-mul\libc.a(lib_a-wctomb_r.o)
                0x000000000800b13c                __ascii_wctomb
                0x000000000800b16c                _wctomb_r
 .text          0x000000000800b1c8      0x640 z:/programs/altera/15.0/nios2eds/bin/gnu/h-x86_64-mingw32/bin/../lib/gcc/nios2-elf/4.9.1/mno-hw-mul\libgcc.a(_udivdi3.o)
                0x000000000800b1c8                __udivdi3
 .text          0x000000000800b808      0x61c z:/programs/altera/15.0/nios2eds/bin/gnu/h-x86_64-mingw32/bin/../lib/gcc/nios2-elf/4.9.1/mno-hw-mul\libgcc.a(_umoddi3.o)
                0x000000000800b808                __umoddi3
 .text          0x000000000800be24      0x12c z:/programs/altera/15.0/nios2eds/bin/gnu/h-x86_64-mingw32/bin/../lib/gcc/nios2-elf/4.9.1/mno-hw-mul\libgcc.a(lib2-divmod.o)
                0x000000000800be90                __divsi3
                0x000000000800bee4                __modsi3
                0x000000000800bf40                __udivsi3
                0x000000000800bf48                __umodsi3
 .text          0x000000000800bf50       0x28 z:/programs/altera/15.0/nios2eds/bin/gnu/h-x86_64-mingw32/bin/../lib/gcc/nios2-elf/4.9.1/mno-hw-mul\libgcc.a(lib2-mul.o)
                0x000000000800bf50                __mulsi3
 .text          0x000000000800bf78      0x89c z:/programs/altera/15.0/nios2eds/bin/gnu/h-x86_64-mingw32/bin/../lib/gcc/nios2-elf/4.9.1/mno-hw-mul\libgcc.a(adddf3.o)
                0x000000000800bf78                __adddf3
 .text          0x000000000800c814      0x980 z:/programs/altera/15.0/nios2eds/bin/gnu/h-x86_64-mingw32/bin/../lib/gcc/nios2-elf/4.9.1/mno-hw-mul\libgcc.a(divdf3.o)
                0x000000000800c814                __divdf3
 .text          0x000000000800d194       0x84 z:/programs/altera/15.0/nios2eds/bin/gnu/h-x86_64-mingw32/bin/../lib/gcc/nios2-elf/4.9.1/mno-hw-mul\libgcc.a(eqdf2.o)
                0x000000000800d194                __nedf2
                0x000000000800d194                __eqdf2
 .text          0x000000000800d218       0xe0 z:/programs/altera/15.0/nios2eds/bin/gnu/h-x86_64-mingw32/bin/../lib/gcc/nios2-elf/4.9.1/mno-hw-mul\libgcc.a(gedf2.o)
                0x000000000800d218                __gedf2
                0x000000000800d218                __gtdf2
 .text          0x000000000800d2f8       0xe0 z:/programs/altera/15.0/nios2eds/bin/gnu/h-x86_64-mingw32/bin/../lib/gcc/nios2-elf/4.9.1/mno-hw-mul\libgcc.a(ledf2.o)
                0x000000000800d2f8                __ledf2
                0x000000000800d2f8                __ltdf2
 .text          0x000000000800d3d8      0x86c z:/programs/altera/15.0/nios2eds/bin/gnu/h-x86_64-mingw32/bin/../lib/gcc/nios2-elf/4.9.1/mno-hw-mul\libgcc.a(muldf3.o)
                0x000000000800d3d8                __muldf3
 .text          0x000000000800dc44      0x8d0 z:/programs/altera/15.0/nios2eds/bin/gnu/h-x86_64-mingw32/bin/../lib/gcc/nios2-elf/4.9.1/mno-hw-mul\libgcc.a(subdf3.o)
                0x000000000800dc44                __subdf3
 .text          0x000000000800e514       0x88 z:/programs/altera/15.0/nios2eds/bin/gnu/h-x86_64-mingw32/bin/../lib/gcc/nios2-elf/4.9.1/mno-hw-mul\libgcc.a(fixdfsi.o)
                0x000000000800e514                __fixdfsi
 .text          0x000000000800e59c       0xd0 z:/programs/altera/15.0/nios2eds/bin/gnu/h-x86_64-mingw32/bin/../lib/gcc/nios2-elf/4.9.1/mno-hw-mul\libgcc.a(floatsidf.o)
                0x000000000800e59c                __floatsidf
 .text          0x000000000800e66c       0xa4 z:/programs/altera/15.0/nios2eds/bin/gnu/h-x86_64-mingw32/bin/../lib/gcc/nios2-elf/4.9.1/mno-hw-mul\libgcc.a(floatunsidf.o)
                0x000000000800e66c                __floatunsidf
 .text          0x000000000800e710        0x0 z:/programs/altera/15.0/nios2eds/bin/gnu/h-x86_64-mingw32/bin/../lib/gcc/nios2-elf/4.9.1/mno-hw-mul\libgcc.a(_clz.o)
 .text          0x000000000800e710       0x64 z:/programs/altera/15.0/nios2eds/bin/gnu/h-x86_64-mingw32/bin/../lib/gcc/nios2-elf/4.9.1/mno-hw-mul\libgcc.a(_clzsi2.o)
                0x000000000800e710                __clzsi2
 .text          0x000000000800e774      0x128 ../hello_world_bsp/\libhal_bsp.a(alt_close.o)
                0x000000000800e7c4                close
 .text          0x000000000800e89c       0x2c ../hello_world_bsp/\libhal_bsp.a(alt_dev.o)
 .text          0x000000000800e8c8        0x0 ../hello_world_bsp/\libhal_bsp.a(alt_errno.o)
 .text          0x000000000800e8c8      0x108 ../hello_world_bsp/\libhal_bsp.a(alt_fstat.o)
                0x000000000800e918                fstat
 .text          0x000000000800e9d0       0xfc ../hello_world_bsp/\libhal_bsp.a(alt_isatty.o)
                0x000000000800ea20                isatty
 .text          0x000000000800eacc       0xe4 ../hello_world_bsp/\libhal_bsp.a(alt_load.o)
                0x000000000800eb30                alt_load
 .text          0x000000000800ebb0      0x12c ../hello_world_bsp/\libhal_bsp.a(alt_lseek.o)
                0x000000000800ec00                lseek
 .text          0x000000000800ecdc       0x78 ../hello_world_bsp/\libhal_bsp.a(alt_main.o)
                0x000000000800ecdc                alt_main
 .text          0x000000000800ed54       0x40 ../hello_world_bsp/\libhal_bsp.a(alt_malloc_lock.o)
                0x000000000800ed54                __malloc_lock
                0x000000000800ed74                __malloc_unlock
 .text          0x000000000800ed94      0x2a4 ../hello_world_bsp/\libhal_bsp.a(alt_open.o)
                0x000000000800eed8                open
 .text          0x000000000800f038      0x154 ../hello_world_bsp/\libhal_bsp.a(alt_read.o)
                0x000000000800f088                read
 .text          0x000000000800f18c       0x80 ../hello_world_bsp/\libhal_bsp.a(alt_release_fd.o)
                0x000000000800f18c                alt_release_fd
 .text          0x000000000800f20c       0xb0 ../hello_world_bsp/\libhal_bsp.a(alt_sbrk.o)
                0x000000000800f20c                sbrk
 .text          0x000000000800f2bc       0x30 ../hello_world_bsp/\libhal_bsp.a(alt_usleep.o)
                0x000000000800f2bc                usleep
 .text          0x000000000800f2ec      0x150 ../hello_world_bsp/\libhal_bsp.a(alt_write.o)
                0x000000000800f33c                write
 .text          0x000000000800f43c       0xe8 ../hello_world_bsp/\libhal_bsp.a(alt_sys_init.o)
                0x000000000800f474                alt_irq_init
                0x000000000800f4a8                alt_sys_init
 .text          0x000000000800f524      0x164 ../hello_world_bsp/\libhal_bsp.a(altera_avalon_jtag_uart_fd.o)
                0x000000000800f524                altera_avalon_jtag_uart_read_fd
                0x000000000800f584                altera_avalon_jtag_uart_write_fd
                0x000000000800f5e4                altera_avalon_jtag_uart_close_fd
                0x000000000800f634                altera_avalon_jtag_uart_ioctl_fd
 .text          0x000000000800f688      0x3d8 ../hello_world_bsp/\libhal_bsp.a(altera_avalon_jtag_uart_init.o)
                0x000000000800f688                altera_avalon_jtag_uart_init
                0x000000000800f9f8                altera_avalon_jtag_uart_close
 .text          0x000000000800fa60       0xec ../hello_world_bsp/\libhal_bsp.a(altera_avalon_jtag_uart_ioctl.o)
                0x000000000800fa60                altera_avalon_jtag_uart_ioctl
 .text          0x000000000800fb4c      0x20c ../hello_world_bsp/\libhal_bsp.a(altera_avalon_jtag_uart_read.o)
                0x000000000800fb4c                altera_avalon_jtag_uart_read
 .text          0x000000000800fd58      0x218 ../hello_world_bsp/\libhal_bsp.a(altera_avalon_jtag_uart_write.o)
                0x000000000800fd58                altera_avalon_jtag_uart_write
 .text          0x000000000800ff70       0xfc ../hello_world_bsp/\libhal_bsp.a(altera_avalon_timer_sc.o)
                0x000000000800ffe4                alt_avalon_timer_sc_init
 .text          0x000000000801006c      0x110 ../hello_world_bsp/\libhal_bsp.a(altera_avalon_uart_fd.o)
                0x000000000801006c                altera_avalon_uart_read_fd
                0x00000000080100cc                altera_avalon_uart_write_fd
                0x000000000801012c                altera_avalon_uart_close_fd
 .text          0x000000000801017c      0x3b8 ../hello_world_bsp/\libhal_bsp.a(altera_avalon_uart_init.o)
                0x000000000801017c                altera_avalon_uart_init
                0x00000000080104e0                altera_avalon_uart_close
 .text          0x0000000008010534      0x22c ../hello_world_bsp/\libhal_bsp.a(altera_avalon_uart_read.o)
                0x0000000008010584                altera_avalon_uart_read
 .text          0x0000000008010760      0x1fc ../hello_world_bsp/\libhal_bsp.a(altera_avalon_uart_write.o)
                0x00000000080107b0                altera_avalon_uart_write
 .text          0x000000000801095c      0x140 ../hello_world_bsp/\libhal_bsp.a(alt_alarm_start.o)
                0x000000000801095c                alt_alarm_start
 .text          0x0000000008010a9c      0x158 ../hello_world_bsp/\libhal_bsp.a(alt_busy_sleep.o)
                0x0000000008010a9c                alt_busy_sleep
 .text          0x0000000008010bf4       0x1c ../hello_world_bsp/\libhal_bsp.a(alt_dcache_flush_all.o)
                0x0000000008010bf4                alt_dcache_flush_all
 .text          0x0000000008010c10       0xf4 ../hello_world_bsp/\libhal_bsp.a(alt_dev_llist_insert.o)
                0x0000000008010c60                alt_dev_llist_insert
 .text          0x0000000008010d04       0x5c ../hello_world_bsp/\libhal_bsp.a(alt_do_ctors.o)
                0x0000000008010d04                _do_ctors
 .text          0x0000000008010d60       0x5c ../hello_world_bsp/\libhal_bsp.a(alt_do_dtors.o)
                0x0000000008010d60                _do_dtors
 .text          0x0000000008010dbc       0x90 ../hello_world_bsp/\libhal_bsp.a(alt_find_dev.o)
                0x0000000008010dbc                alt_find_dev
 .text          0x0000000008010e4c      0x114 ../hello_world_bsp/\libhal_bsp.a(alt_find_file.o)
                0x0000000008010e4c                alt_find_file
 .text          0x0000000008010f60       0xd4 ../hello_world_bsp/\libhal_bsp.a(alt_get_fd.o)
                0x0000000008010f60                alt_get_fd
 .text          0x0000000008011034       0x1c ../hello_world_bsp/\libhal_bsp.a(alt_icache_flush_all.o)
                0x0000000008011034                alt_icache_flush_all
 .text          0x0000000008011050      0x1e0 ../hello_world_bsp/\libhal_bsp.a(alt_iic.o)
                0x0000000008011050                alt_ic_isr_register
                0x00000000080110a0                alt_ic_irq_enable
                0x0000000008011140                alt_ic_irq_disable
                0x00000000080111e4                alt_ic_irq_enabled
 .text          0x0000000008011230       0xf0 ../hello_world_bsp/\libhal_bsp.a(alt_iic_isr_register.o)
                0x0000000008011230                alt_iic_isr_register
 .text          0x0000000008011320      0x158 ../hello_world_bsp/\libhal_bsp.a(alt_io_redirect.o)
                0x0000000008011400                alt_io_redirect
 .text          0x0000000008011478        0x0 ../hello_world_bsp/\libhal_bsp.a(alt_irq_entry.o)
 .text          0x0000000008011478        0x0 ../hello_world_bsp/\libhal_bsp.a(alt_irq_handler.o)
 .text          0x0000000008011478        0x0 ../hello_world_bsp/\libhal_bsp.a(alt_irq_vars.o)
 .text          0x0000000008011478      0x19c ../hello_world_bsp/\libhal_bsp.a(alt_tick.o)
                0x0000000008011478                alt_alarm_stop
                0x0000000008011510                alt_tick
 .text          0x0000000008011614       0x20 ../hello_world_bsp/\libhal_bsp.a(altera_nios2_qsys_irq.o)
                0x0000000008011614                altera_nios2_qsys_irq_init
 .text          0x0000000008011634        0x0 ../hello_world_bsp/\libhal_bsp.a(alt_exception_entry.o)
 .text          0x0000000008011634       0x14 z:/programs/altera/15.0/nios2eds/bin/gnu/h-x86_64-mingw32/bin/../lib/gcc/nios2-elf/4.9.1/../../../../../H-x86_64-mingw32/nios2-elf/lib/mno-hw-mul\libc.a(lib_a-atexit.o)
                0x0000000008011634                atexit
 .text          0x0000000008011648       0x38 z:/programs/altera/15.0/nios2eds/bin/gnu/h-x86_64-mingw32/bin/../lib/gcc/nios2-elf/4.9.1/../../../../../H-x86_64-mingw32/nios2-elf/lib/mno-hw-mul\libc.a(lib_a-exit.o)
                0x0000000008011648                exit
 .text          0x0000000008011680       0x7c z:/programs/altera/15.0/nios2eds/bin/gnu/h-x86_64-mingw32/bin/../lib/gcc/nios2-elf/4.9.1/../../../../../H-x86_64-mingw32/nios2-elf/lib/mno-hw-mul\libc.a(lib_a-memcmp.o)
                0x0000000008011680                memcmp
 .text          0x00000000080116fc      0x114 z:/programs/altera/15.0/nios2eds/bin/gnu/h-x86_64-mingw32/bin/../lib/gcc/nios2-elf/4.9.1/../../../../../H-x86_64-mingw32/nios2-elf/lib/mno-hw-mul\libc.a(lib_a-__atexit.o)
                0x00000000080116fc                __register_exitproc
 .text          0x0000000008011810      0x194 z:/programs/altera/15.0/nios2eds/bin/gnu/h-x86_64-mingw32/bin/../lib/gcc/nios2-elf/4.9.1/../../../../../H-x86_64-mingw32/nios2-elf/lib/mno-hw-mul\libc.a(lib_a-__call_atexit.o)
                0x0000000008011810                __call_exitprocs
 .text          0x00000000080119a4       0x34 ../hello_world_bsp/\libhal_bsp.a(alt_exit.o)
                0x00000000080119a4                _exit
 *(.gnu.warning.*)
 *(.fini)
                0x00000000080119d8                PROVIDE (__etext, ABSOLUTE (.))
                0x00000000080119d8                PROVIDE (_etext, ABSOLUTE (.))
                0x00000000080119d8                PROVIDE (etext, ABSOLUTE (.))
 *(.eh_frame_hdr)
                0x00000000080119d8                . = ALIGN (0x4)
                0x00000000080119d8                PROVIDE (__preinit_array_start, ABSOLUTE (.))
 *(.preinit_array)
                0x00000000080119d8                PROVIDE (__preinit_array_end, ABSOLUTE (.))
                0x00000000080119d8                PROVIDE (__init_array_start, ABSOLUTE (.))
 *(.init_array)
                0x00000000080119d8                PROVIDE (__init_array_end, ABSOLUTE (.))
                0x00000000080119d8                PROVIDE (__fini_array_start, ABSOLUTE (.))
 *(.fini_array)
                0x00000000080119d8                PROVIDE (__fini_array_end, ABSOLUTE (.))
 *(.eh_frame)
 *(.gcc_except_table .gcc_except_table.*)
 *(.dynamic)
                0x00000000080119d8                PROVIDE (__CTOR_LIST__, ABSOLUTE (.))
 *(.ctors)
 *(SORT(.ctors.*))
                0x00000000080119d8                PROVIDE (__CTOR_END__, ABSOLUTE (.))
                0x00000000080119d8                PROVIDE (__DTOR_LIST__, ABSOLUTE (.))
 *(.dtors)
 *(SORT(.dtors.*))
                0x00000000080119d8                PROVIDE (__DTOR_END__, ABSOLUTE (.))
 *(.jcr)
                0x00000000080119d8                . = ALIGN (0x4)

.rodata         0x00000000080119d8      0x77c
                0x00000000080119d8                PROVIDE (__ram_rodata_start, ABSOLUTE (.))
                0x00000000080119d8                . = ALIGN (0x4)
 *(.rodata .rodata.* .gnu.linkonce.r.*)
 .rodata        0x00000000080119d8      0x1f0 obj/default/hello_world.o
 .rodata.str1.4
                0x0000000008011bc8        0x2 z:/programs/altera/15.0/nios2eds/bin/gnu/h-x86_64-mingw32/bin/../lib/gcc/nios2-elf/4.9.1/../../../../../H-x86_64-mingw32/nios2-elf/lib/mno-hw-mul\libc.a(lib_a-impure.o)
                                          0x4 (size before relaxing)
 *fill*         0x0000000008011bca        0x2 
 .rodata.str1.4
                0x0000000008011bcc        0x2 z:/programs/altera/15.0/nios2eds/bin/gnu/h-x86_64-mingw32/bin/../lib/gcc/nios2-elf/4.9.1/../../../../../H-x86_64-mingw32/nios2-elf/lib/mno-hw-mul\libc.a(lib_a-puts.o)
                                          0x4 (size before relaxing)
 *fill*         0x0000000008011bce        0x2 
 .rodata.str1.4
                0x0000000008011bd0       0x42 z:/programs/altera/15.0/nios2eds/bin/gnu/h-x86_64-mingw32/bin/../lib/gcc/nios2-elf/4.9.1/../../../../../H-x86_64-mingw32/nios2-elf/lib/mno-hw-mul\libc.a(lib_a-vfprintf.o)
                                         0x44 (size before relaxing)
 .rodata        0x0000000008011c12       0x20 z:/programs/altera/15.0/nios2eds/bin/gnu/h-x86_64-mingw32/bin/../lib/gcc/nios2-elf/4.9.1/../../../../../H-x86_64-mingw32/nios2-elf/lib/mno-hw-mul\libc.a(lib_a-vfprintf.o)
 .rodata        0x0000000008011c32      0x281 z:/programs/altera/15.0/nios2eds/bin/gnu/h-x86_64-mingw32/bin/../lib/gcc/nios2-elf/4.9.1/../../../../../H-x86_64-mingw32/nios2-elf/lib/mno-hw-mul\libc.a(lib_a-ctype_.o)
                0x0000000008011c32                _ctype_
 *fill*         0x0000000008011eb3        0x1 
 .rodata.str1.4
                0x0000000008011eb4       0x10 z:/programs/altera/15.0/nios2eds/bin/gnu/h-x86_64-mingw32/bin/../lib/gcc/nios2-elf/4.9.1/../../../../../H-x86_64-mingw32/nios2-elf/lib/mno-hw-mul\libc.a(lib_a-dtoa.o)
                                         0x14 (size before relaxing)
 .rodata.str1.4
                0x0000000008011ec4        0xc z:/programs/altera/15.0/nios2eds/bin/gnu/h-x86_64-mingw32/bin/../lib/gcc/nios2-elf/4.9.1/../../../../../H-x86_64-mingw32/nios2-elf/lib/mno-hw-mul\libc.a(lib_a-locale.o)
                                         0x14 (size before relaxing)
 .rodata        0x0000000008011ed0      0x124 z:/programs/altera/15.0/nios2eds/bin/gnu/h-x86_64-mingw32/bin/../lib/gcc/nios2-elf/4.9.1/../../../../../H-x86_64-mingw32/nios2-elf/lib/mno-hw-mul\libc.a(lib_a-mprec.o)
                0x0000000008011edc                __mprec_tinytens
                0x0000000008011f04                __mprec_bigtens
                0x0000000008011f2c                __mprec_tens
 .rodata.str1.4
                0x0000000000000000       0x30 z:/programs/altera/15.0/nios2eds/bin/gnu/h-x86_64-mingw32/bin/../lib/gcc/nios2-elf/4.9.1/../../../../../H-x86_64-mingw32/nios2-elf/lib/mno-hw-mul\libc.a(lib_a-vfiprintf.o)
 .rodata        0x0000000008011ff4       0x20 z:/programs/altera/15.0/nios2eds/bin/gnu/h-x86_64-mingw32/bin/../lib/gcc/nios2-elf/4.9.1/../../../../../H-x86_64-mingw32/nios2-elf/lib/mno-hw-mul\libc.a(lib_a-vfiprintf.o)
 .rodata        0x0000000008012014      0x100 z:/programs/altera/15.0/nios2eds/bin/gnu/h-x86_64-mingw32/bin/../lib/gcc/nios2-elf/4.9.1/mno-hw-mul\libgcc.a(_clz.o)
                0x0000000008012014                __clz_tab
 .rodata        0x0000000008012114        0xc ../hello_world_bsp/\libhal_bsp.a(alt_dev.o)
 .rodata        0x0000000008012120       0x14 ../hello_world_bsp/\libhal_bsp.a(alt_main.o)
 .rodata        0x0000000008012134       0x20 ../hello_world_bsp/\libhal_bsp.a(alt_sys_init.o)
 *(.rodata1)
                0x0000000008012154                . = ALIGN (0x4)
                0x0000000008012154                PROVIDE (__ram_rodata_end, ABSOLUTE (.))
                0x00000000080119d8                PROVIDE (__flash_rodata_start, LOADADDR (.rodata))

.rwdata         0x0000000008012154     0x1bb4 load address 0x0000000008013d08
                0x0000000008012154                PROVIDE (__ram_rwdata_start, ABSOLUTE (.))
                0x0000000008012154                . = ALIGN (0x4)
 *(.got.plt)
 *(.got)
 *(.data1)
 *(.data .data.* .gnu.linkonce.d.*)
 .data          0x0000000008012154        0x0 ../hello_world_bsp//obj/HAL/src/crt0.o
 .data          0x0000000008012154        0x0 obj/default/hello_world.o
 .data          0x0000000008012154        0x0 z:/programs/altera/15.0/nios2eds/bin/gnu/h-x86_64-mingw32/bin/../lib/gcc/nios2-elf/4.9.1/../../../../../H-x86_64-mingw32/nios2-elf/lib/mno-hw-mul\libc.a(lib_a-atoi.o)
 .data          0x0000000008012154        0x0 z:/programs/altera/15.0/nios2eds/bin/gnu/h-x86_64-mingw32/bin/../lib/gcc/nios2-elf/4.9.1/../../../../../H-x86_64-mingw32/nios2-elf/lib/mno-hw-mul\libc.a(lib_a-fclose.o)
 .data          0x0000000008012154        0x0 z:/programs/altera/15.0/nios2eds/bin/gnu/h-x86_64-mingw32/bin/../lib/gcc/nios2-elf/4.9.1/../../../../../H-x86_64-mingw32/nios2-elf/lib/mno-hw-mul\libc.a(lib_a-fflush.o)
 .data          0x0000000008012154        0x0 z:/programs/altera/15.0/nios2eds/bin/gnu/h-x86_64-mingw32/bin/../lib/gcc/nios2-elf/4.9.1/../../../../../H-x86_64-mingw32/nios2-elf/lib/mno-hw-mul\libc.a(lib_a-findfp.o)
 .data          0x0000000008012154        0x0 z:/programs/altera/15.0/nios2eds/bin/gnu/h-x86_64-mingw32/bin/../lib/gcc/nios2-elf/4.9.1/../../../../../H-x86_64-mingw32/nios2-elf/lib/mno-hw-mul\libc.a(lib_a-fopen.o)
 .data          0x0000000008012154        0x0 z:/programs/altera/15.0/nios2eds/bin/gnu/h-x86_64-mingw32/bin/../lib/gcc/nios2-elf/4.9.1/../../../../../H-x86_64-mingw32/nios2-elf/lib/mno-hw-mul\libc.a(lib_a-freer.o)
 .data          0x0000000008012154        0x0 z:/programs/altera/15.0/nios2eds/bin/gnu/h-x86_64-mingw32/bin/../lib/gcc/nios2-elf/4.9.1/../../../../../H-x86_64-mingw32/nios2-elf/lib/mno-hw-mul\libc.a(lib_a-fseek.o)
 .data          0x0000000008012154        0x0 z:/programs/altera/15.0/nios2eds/bin/gnu/h-x86_64-mingw32/bin/../lib/gcc/nios2-elf/4.9.1/../../../../../H-x86_64-mingw32/nios2-elf/lib/mno-hw-mul\libc.a(lib_a-fstatr.o)
 .data          0x0000000008012154        0x0 z:/programs/altera/15.0/nios2eds/bin/gnu/h-x86_64-mingw32/bin/../lib/gcc/nios2-elf/4.9.1/../../../../../H-x86_64-mingw32/nios2-elf/lib/mno-hw-mul\libc.a(lib_a-fwalk.o)
 .data          0x0000000008012154        0x0 z:/programs/altera/15.0/nios2eds/bin/gnu/h-x86_64-mingw32/bin/../lib/gcc/nios2-elf/4.9.1/../../../../../H-x86_64-mingw32/nios2-elf/lib/mno-hw-mul\libc.a(lib_a-fwrite.o)
 .data          0x0000000008012154        0x0 z:/programs/altera/15.0/nios2eds/bin/gnu/h-x86_64-mingw32/bin/../lib/gcc/nios2-elf/4.9.1/../../../../../H-x86_64-mingw32/nios2-elf/lib/mno-hw-mul\libc.a(lib_a-getc.o)
 .data          0x0000000008012154      0x424 z:/programs/altera/15.0/nios2eds/bin/gnu/h-x86_64-mingw32/bin/../lib/gcc/nios2-elf/4.9.1/../../../../../H-x86_64-mingw32/nios2-elf/lib/mno-hw-mul\libc.a(lib_a-impure.o)
 .data          0x0000000008012578        0x0 z:/programs/altera/15.0/nios2eds/bin/gnu/h-x86_64-mingw32/bin/../lib/gcc/nios2-elf/4.9.1/../../../../../H-x86_64-mingw32/nios2-elf/lib/mno-hw-mul\libc.a(lib_a-int_errno.o)
 .data          0x0000000008012578        0x0 z:/programs/altera/15.0/nios2eds/bin/gnu/h-x86_64-mingw32/bin/../lib/gcc/nios2-elf/4.9.1/../../../../../H-x86_64-mingw32/nios2-elf/lib/mno-hw-mul\libc.a(lib_a-makebuf.o)
 .data          0x0000000008012578      0x408 z:/programs/altera/15.0/nios2eds/bin/gnu/h-x86_64-mingw32/bin/../lib/gcc/nios2-elf/4.9.1/../../../../../H-x86_64-mingw32/nios2-elf/lib/mno-hw-mul\libc.a(lib_a-mallocr.o)
                0x0000000008012578                __malloc_av_
 .data          0x0000000008012980        0x0 z:/programs/altera/15.0/nios2eds/bin/gnu/h-x86_64-mingw32/bin/../lib/gcc/nios2-elf/4.9.1/../../../../../H-x86_64-mingw32/nios2-elf/lib/mno-hw-mul\libc.a(lib_a-memset.o)
 .data          0x0000000008012980        0x0 z:/programs/altera/15.0/nios2eds/bin/gnu/h-x86_64-mingw32/bin/../lib/gcc/nios2-elf/4.9.1/../../../../../H-x86_64-mingw32/nios2-elf/lib/mno-hw-mul\libc.a(lib_a-openr.o)
 .data          0x0000000008012980        0x0 z:/programs/altera/15.0/nios2eds/bin/gnu/h-x86_64-mingw32/bin/../lib/gcc/nios2-elf/4.9.1/../../../../../H-x86_64-mingw32/nios2-elf/lib/mno-hw-mul\libc.a(lib_a-printf.o)
 .data          0x0000000008012980        0x0 z:/programs/altera/15.0/nios2eds/bin/gnu/h-x86_64-mingw32/bin/../lib/gcc/nios2-elf/4.9.1/../../../../../H-x86_64-mingw32/nios2-elf/lib/mno-hw-mul\libc.a(lib_a-puts.o)
 .data          0x0000000008012980        0x0 z:/programs/altera/15.0/nios2eds/bin/gnu/h-x86_64-mingw32/bin/../lib/gcc/nios2-elf/4.9.1/../../../../../H-x86_64-mingw32/nios2-elf/lib/mno-hw-mul\libc.a(lib_a-refill.o)
 .data          0x0000000008012980        0x0 z:/programs/altera/15.0/nios2eds/bin/gnu/h-x86_64-mingw32/bin/../lib/gcc/nios2-elf/4.9.1/../../../../../H-x86_64-mingw32/nios2-elf/lib/mno-hw-mul\libc.a(lib_a-rget.o)
 .data          0x0000000008012980        0x0 z:/programs/altera/15.0/nios2eds/bin/gnu/h-x86_64-mingw32/bin/../lib/gcc/nios2-elf/4.9.1/../../../../../H-x86_64-mingw32/nios2-elf/lib/mno-hw-mul\libc.a(lib_a-sbrkr.o)
 .data          0x0000000008012980        0x0 z:/programs/altera/15.0/nios2eds/bin/gnu/h-x86_64-mingw32/bin/../lib/gcc/nios2-elf/4.9.1/../../../../../H-x86_64-mingw32/nios2-elf/lib/mno-hw-mul\libc.a(lib_a-stdio.o)
 .data          0x0000000008012980        0x0 z:/programs/altera/15.0/nios2eds/bin/gnu/h-x86_64-mingw32/bin/../lib/gcc/nios2-elf/4.9.1/../../../../../H-x86_64-mingw32/nios2-elf/lib/mno-hw-mul\libc.a(lib_a-strlen.o)
 .data          0x0000000008012980        0x0 z:/programs/altera/15.0/nios2eds/bin/gnu/h-x86_64-mingw32/bin/../lib/gcc/nios2-elf/4.9.1/../../../../../H-x86_64-mingw32/nios2-elf/lib/mno-hw-mul\libc.a(lib_a-strncmp.o)
 .data          0x0000000008012980        0x0 z:/programs/altera/15.0/nios2eds/bin/gnu/h-x86_64-mingw32/bin/../lib/gcc/nios2-elf/4.9.1/../../../../../H-x86_64-mingw32/nios2-elf/lib/mno-hw-mul\libc.a(lib_a-strtol.o)
 .data          0x0000000008012980        0x0 z:/programs/altera/15.0/nios2eds/bin/gnu/h-x86_64-mingw32/bin/../lib/gcc/nios2-elf/4.9.1/../../../../../H-x86_64-mingw32/nios2-elf/lib/mno-hw-mul\libc.a(lib_a-vfprintf.o)
 .data          0x0000000008012980        0x0 z:/programs/altera/15.0/nios2eds/bin/gnu/h-x86_64-mingw32/bin/../lib/gcc/nios2-elf/4.9.1/../../../../../H-x86_64-mingw32/nios2-elf/lib/mno-hw-mul\libc.a(lib_a-writer.o)
 .data          0x0000000008012980        0x0 z:/programs/altera/15.0/nios2eds/bin/gnu/h-x86_64-mingw32/bin/../lib/gcc/nios2-elf/4.9.1/../../../../../H-x86_64-mingw32/nios2-elf/lib/mno-hw-mul\libc.a(lib_a-wsetup.o)
 .data          0x0000000008012980        0x0 z:/programs/altera/15.0/nios2eds/bin/gnu/h-x86_64-mingw32/bin/../lib/gcc/nios2-elf/4.9.1/../../../../../H-x86_64-mingw32/nios2-elf/lib/mno-hw-mul\libc.a(closer.o)
 .data          0x0000000008012980        0x0 z:/programs/altera/15.0/nios2eds/bin/gnu/h-x86_64-mingw32/bin/../lib/gcc/nios2-elf/4.9.1/../../../../../H-x86_64-mingw32/nios2-elf/lib/mno-hw-mul\libc.a(lib_a-ctype_.o)
 .data          0x0000000008012980        0x0 z:/programs/altera/15.0/nios2eds/bin/gnu/h-x86_64-mingw32/bin/../lib/gcc/nios2-elf/4.9.1/../../../../../H-x86_64-mingw32/nios2-elf/lib/mno-hw-mul\libc.a(lib_a-dtoa.o)
 .data          0x0000000008012980        0x0 z:/programs/altera/15.0/nios2eds/bin/gnu/h-x86_64-mingw32/bin/../lib/gcc/nios2-elf/4.9.1/../../../../../H-x86_64-mingw32/nios2-elf/lib/mno-hw-mul\libc.a(lib_a-flags.o)
 .data          0x0000000008012980        0x0 z:/programs/altera/15.0/nios2eds/bin/gnu/h-x86_64-mingw32/bin/../lib/gcc/nios2-elf/4.9.1/../../../../../H-x86_64-mingw32/nios2-elf/lib/mno-hw-mul\libc.a(lib_a-fvwrite.o)
 .data          0x0000000008012980        0x0 z:/programs/altera/15.0/nios2eds/bin/gnu/h-x86_64-mingw32/bin/../lib/gcc/nios2-elf/4.9.1/../../../../../H-x86_64-mingw32/nios2-elf/lib/mno-hw-mul\libc.a(lib_a-isattyr.o)
 .data          0x0000000008012980       0x78 z:/programs/altera/15.0/nios2eds/bin/gnu/h-x86_64-mingw32/bin/../lib/gcc/nios2-elf/4.9.1/../../../../../H-x86_64-mingw32/nios2-elf/lib/mno-hw-mul\libc.a(lib_a-locale.o)
 .data          0x00000000080129f8        0x0 z:/programs/altera/15.0/nios2eds/bin/gnu/h-x86_64-mingw32/bin/../lib/gcc/nios2-elf/4.9.1/../../../../../H-x86_64-mingw32/nios2-elf/lib/mno-hw-mul\libc.a(lib_a-lseekr.o)
 .data          0x00000000080129f8        0x0 z:/programs/altera/15.0/nios2eds/bin/gnu/h-x86_64-mingw32/bin/../lib/gcc/nios2-elf/4.9.1/../../../../../H-x86_64-mingw32/nios2-elf/lib/mno-hw-mul\libc.a(lib_a-memchr.o)
 .data          0x00000000080129f8        0x0 z:/programs/altera/15.0/nios2eds/bin/gnu/h-x86_64-mingw32/bin/../lib/gcc/nios2-elf/4.9.1/../../../../../H-x86_64-mingw32/nios2-elf/lib/mno-hw-mul\libc.a(lib_a-memcpy.o)
 .data          0x00000000080129f8        0x0 z:/programs/altera/15.0/nios2eds/bin/gnu/h-x86_64-mingw32/bin/../lib/gcc/nios2-elf/4.9.1/../../../../../H-x86_64-mingw32/nios2-elf/lib/mno-hw-mul\libc.a(lib_a-memmove.o)
 .data          0x00000000080129f8        0x0 z:/programs/altera/15.0/nios2eds/bin/gnu/h-x86_64-mingw32/bin/../lib/gcc/nios2-elf/4.9.1/../../../../../H-x86_64-mingw32/nios2-elf/lib/mno-hw-mul\libc.a(lib_a-mprec.o)
 .data          0x00000000080129f8        0x0 z:/programs/altera/15.0/nios2eds/bin/gnu/h-x86_64-mingw32/bin/../lib/gcc/nios2-elf/4.9.1/../../../../../H-x86_64-mingw32/nios2-elf/lib/mno-hw-mul\libc.a(lib_a-readr.o)
 .data          0x00000000080129f8        0x0 z:/programs/altera/15.0/nios2eds/bin/gnu/h-x86_64-mingw32/bin/../lib/gcc/nios2-elf/4.9.1/../../../../../H-x86_64-mingw32/nios2-elf/lib/mno-hw-mul\libc.a(lib_a-reallocr.o)
 .data          0x00000000080129f8        0x0 z:/programs/altera/15.0/nios2eds/bin/gnu/h-x86_64-mingw32/bin/../lib/gcc/nios2-elf/4.9.1/../../../../../H-x86_64-mingw32/nios2-elf/lib/mno-hw-mul\libc.a(lib_a-s_fpclassify.o)
 .data          0x00000000080129f8        0x0 z:/programs/altera/15.0/nios2eds/bin/gnu/h-x86_64-mingw32/bin/../lib/gcc/nios2-elf/4.9.1/../../../../../H-x86_64-mingw32/nios2-elf/lib/mno-hw-mul\libc.a(lib_a-strcmp.o)
 .data          0x00000000080129f8        0x0 z:/programs/altera/15.0/nios2eds/bin/gnu/h-x86_64-mingw32/bin/../lib/gcc/nios2-elf/4.9.1/../../../../../H-x86_64-mingw32/nios2-elf/lib/mno-hw-mul\libc.a(lib_a-vfiprintf.o)
 .data          0x00000000080129f8        0x0 z:/programs/altera/15.0/nios2eds/bin/gnu/h-x86_64-mingw32/bin/../lib/gcc/nios2-elf/4.9.1/../../../../../H-x86_64-mingw32/nios2-elf/lib/mno-hw-mul\libc.a(lib_a-callocr.o)
 .data          0x00000000080129f8        0x0 z:/programs/altera/15.0/nios2eds/bin/gnu/h-x86_64-mingw32/bin/../lib/gcc/nios2-elf/4.9.1/../../../../../H-x86_64-mingw32/nios2-elf/lib/mno-hw-mul\libc.a(lib_a-fputwc.o)
 .data          0x00000000080129f8        0x0 z:/programs/altera/15.0/nios2eds/bin/gnu/h-x86_64-mingw32/bin/../lib/gcc/nios2-elf/4.9.1/../../../../../H-x86_64-mingw32/nios2-elf/lib/mno-hw-mul\libc.a(lib_a-wbuf.o)
 .data          0x00000000080129f8        0x0 z:/programs/altera/15.0/nios2eds/bin/gnu/h-x86_64-mingw32/bin/../lib/gcc/nios2-elf/4.9.1/../../../../../H-x86_64-mingw32/nios2-elf/lib/mno-hw-mul\libc.a(lib_a-wcrtomb.o)
 .data          0x00000000080129f8        0x0 z:/programs/altera/15.0/nios2eds/bin/gnu/h-x86_64-mingw32/bin/../lib/gcc/nios2-elf/4.9.1/../../../../../H-x86_64-mingw32/nios2-elf/lib/mno-hw-mul\libc.a(lib_a-wctomb_r.o)
 .data          0x00000000080129f8        0x0 z:/programs/altera/15.0/nios2eds/bin/gnu/h-x86_64-mingw32/bin/../lib/gcc/nios2-elf/4.9.1/mno-hw-mul\libgcc.a(_udivdi3.o)
 .data          0x00000000080129f8        0x0 z:/programs/altera/15.0/nios2eds/bin/gnu/h-x86_64-mingw32/bin/../lib/gcc/nios2-elf/4.9.1/mno-hw-mul\libgcc.a(_umoddi3.o)
 .data          0x00000000080129f8        0x0 z:/programs/altera/15.0/nios2eds/bin/gnu/h-x86_64-mingw32/bin/../lib/gcc/nios2-elf/4.9.1/mno-hw-mul\libgcc.a(lib2-divmod.o)
 .data          0x00000000080129f8        0x0 z:/programs/altera/15.0/nios2eds/bin/gnu/h-x86_64-mingw32/bin/../lib/gcc/nios2-elf/4.9.1/mno-hw-mul\libgcc.a(lib2-mul.o)
 .data          0x00000000080129f8        0x0 z:/programs/altera/15.0/nios2eds/bin/gnu/h-x86_64-mingw32/bin/../lib/gcc/nios2-elf/4.9.1/mno-hw-mul\libgcc.a(adddf3.o)
 .data          0x00000000080129f8        0x0 z:/programs/altera/15.0/nios2eds/bin/gnu/h-x86_64-mingw32/bin/../lib/gcc/nios2-elf/4.9.1/mno-hw-mul\libgcc.a(divdf3.o)
 .data          0x00000000080129f8        0x0 z:/programs/altera/15.0/nios2eds/bin/gnu/h-x86_64-mingw32/bin/../lib/gcc/nios2-elf/4.9.1/mno-hw-mul\libgcc.a(eqdf2.o)
 .data          0x00000000080129f8        0x0 z:/programs/altera/15.0/nios2eds/bin/gnu/h-x86_64-mingw32/bin/../lib/gcc/nios2-elf/4.9.1/mno-hw-mul\libgcc.a(gedf2.o)
 .data          0x00000000080129f8        0x0 z:/programs/altera/15.0/nios2eds/bin/gnu/h-x86_64-mingw32/bin/../lib/gcc/nios2-elf/4.9.1/mno-hw-mul\libgcc.a(ledf2.o)
 .data          0x00000000080129f8        0x0 z:/programs/altera/15.0/nios2eds/bin/gnu/h-x86_64-mingw32/bin/../lib/gcc/nios2-elf/4.9.1/mno-hw-mul\libgcc.a(muldf3.o)
 .data          0x00000000080129f8        0x0 z:/programs/altera/15.0/nios2eds/bin/gnu/h-x86_64-mingw32/bin/../lib/gcc/nios2-elf/4.9.1/mno-hw-mul\libgcc.a(subdf3.o)
 .data          0x00000000080129f8        0x0 z:/programs/altera/15.0/nios2eds/bin/gnu/h-x86_64-mingw32/bin/../lib/gcc/nios2-elf/4.9.1/mno-hw-mul\libgcc.a(fixdfsi.o)
 .data          0x00000000080129f8        0x0 z:/programs/altera/15.0/nios2eds/bin/gnu/h-x86_64-mingw32/bin/../lib/gcc/nios2-elf/4.9.1/mno-hw-mul\libgcc.a(floatsidf.o)
 .data          0x00000000080129f8        0x0 z:/programs/altera/15.0/nios2eds/bin/gnu/h-x86_64-mingw32/bin/../lib/gcc/nios2-elf/4.9.1/mno-hw-mul\libgcc.a(floatunsidf.o)
 .data          0x00000000080129f8        0x0 z:/programs/altera/15.0/nios2eds/bin/gnu/h-x86_64-mingw32/bin/../lib/gcc/nios2-elf/4.9.1/mno-hw-mul\libgcc.a(_clz.o)
 .data          0x00000000080129f8        0x0 z:/programs/altera/15.0/nios2eds/bin/gnu/h-x86_64-mingw32/bin/../lib/gcc/nios2-elf/4.9.1/mno-hw-mul\libgcc.a(_clzsi2.o)
 .data          0x00000000080129f8        0x0 ../hello_world_bsp/\libhal_bsp.a(alt_close.o)
 .data          0x00000000080129f8      0x1a8 ../hello_world_bsp/\libhal_bsp.a(alt_dev.o)
                0x00000000080129f8                alt_dev_null
                0x0000000008012a20                alt_fd_list
 .data          0x0000000008012ba0        0x0 ../hello_world_bsp/\libhal_bsp.a(alt_errno.o)
 .data          0x0000000008012ba0        0x0 ../hello_world_bsp/\libhal_bsp.a(alt_fstat.o)
 .data          0x0000000008012ba0        0x0 ../hello_world_bsp/\libhal_bsp.a(alt_isatty.o)
 .data          0x0000000008012ba0        0x0 ../hello_world_bsp/\libhal_bsp.a(alt_load.o)
 .data          0x0000000008012ba0        0x0 ../hello_world_bsp/\libhal_bsp.a(alt_lseek.o)
 .data          0x0000000008012ba0        0x0 ../hello_world_bsp/\libhal_bsp.a(alt_main.o)
 .data          0x0000000008012ba0        0x0 ../hello_world_bsp/\libhal_bsp.a(alt_malloc_lock.o)
 .data          0x0000000008012ba0        0x0 ../hello_world_bsp/\libhal_bsp.a(alt_open.o)
 .data          0x0000000008012ba0        0x0 ../hello_world_bsp/\libhal_bsp.a(alt_read.o)
 .data          0x0000000008012ba0        0x0 ../hello_world_bsp/\libhal_bsp.a(alt_release_fd.o)
 .data          0x0000000008012ba0        0x0 ../hello_world_bsp/\libhal_bsp.a(alt_sbrk.o)
 .data          0x0000000008012ba0        0x0 ../hello_world_bsp/\libhal_bsp.a(alt_usleep.o)
 .data          0x0000000008012ba0        0x0 ../hello_world_bsp/\libhal_bsp.a(alt_write.o)
 .data          0x0000000008012ba0     0x1124 ../hello_world_bsp/\libhal_bsp.a(alt_sys_init.o)
 .data          0x0000000008013cc4        0x0 ../hello_world_bsp/\libhal_bsp.a(altera_avalon_jtag_uart_fd.o)
 .data          0x0000000008013cc4        0x0 ../hello_world_bsp/\libhal_bsp.a(altera_avalon_jtag_uart_init.o)
 .data          0x0000000008013cc4        0x0 ../hello_world_bsp/\libhal_bsp.a(altera_avalon_jtag_uart_ioctl.o)
 .data          0x0000000008013cc4        0x0 ../hello_world_bsp/\libhal_bsp.a(altera_avalon_jtag_uart_read.o)
 .data          0x0000000008013cc4        0x0 ../hello_world_bsp/\libhal_bsp.a(altera_avalon_jtag_uart_write.o)
 .data          0x0000000008013cc4        0x0 ../hello_world_bsp/\libhal_bsp.a(altera_avalon_timer_sc.o)
 .data          0x0000000008013cc4        0x0 ../hello_world_bsp/\libhal_bsp.a(altera_avalon_uart_fd.o)
 .data          0x0000000008013cc4        0x0 ../hello_world_bsp/\libhal_bsp.a(altera_avalon_uart_init.o)
 .data          0x0000000008013cc4        0x0 ../hello_world_bsp/\libhal_bsp.a(altera_avalon_uart_read.o)
 .data          0x0000000008013cc4        0x0 ../hello_world_bsp/\libhal_bsp.a(altera_avalon_uart_write.o)
 .data          0x0000000008013cc4        0x0 ../hello_world_bsp/\libhal_bsp.a(alt_alarm_start.o)
 .data          0x0000000008013cc4        0x0 ../hello_world_bsp/\libhal_bsp.a(alt_busy_sleep.o)
 .data          0x0000000008013cc4        0x0 ../hello_world_bsp/\libhal_bsp.a(alt_dcache_flush_all.o)
 .data          0x0000000008013cc4        0x0 ../hello_world_bsp/\libhal_bsp.a(alt_dev_llist_insert.o)
 .data          0x0000000008013cc4        0x0 ../hello_world_bsp/\libhal_bsp.a(alt_do_ctors.o)
 .data          0x0000000008013cc4        0x0 ../hello_world_bsp/\libhal_bsp.a(alt_do_dtors.o)
 .data          0x0000000008013cc4        0x0 ../hello_world_bsp/\libhal_bsp.a(alt_find_dev.o)
 .data          0x0000000008013cc4        0x0 ../hello_world_bsp/\libhal_bsp.a(alt_find_file.o)
 .data          0x0000000008013cc4        0x0 ../hello_world_bsp/\libhal_bsp.a(alt_get_fd.o)
 .data          0x0000000008013cc4        0x0 ../hello_world_bsp/\libhal_bsp.a(alt_icache_flush_all.o)
 .data          0x0000000008013cc4        0x0 ../hello_world_bsp/\libhal_bsp.a(alt_iic.o)
 .data          0x0000000008013cc4        0x0 ../hello_world_bsp/\libhal_bsp.a(alt_iic_isr_register.o)
 .data          0x0000000008013cc4        0x0 ../hello_world_bsp/\libhal_bsp.a(alt_io_redirect.o)
 .data          0x0000000008013cc4        0x0 ../hello_world_bsp/\libhal_bsp.a(alt_irq_entry.o)
 .data          0x0000000008013cc4        0x0 ../hello_world_bsp/\libhal_bsp.a(alt_irq_handler.o)
 .data          0x0000000008013cc4        0x0 ../hello_world_bsp/\libhal_bsp.a(alt_irq_vars.o)
 .data          0x0000000008013cc4        0x0 ../hello_world_bsp/\libhal_bsp.a(alt_tick.o)
 .data          0x0000000008013cc4        0x0 ../hello_world_bsp/\libhal_bsp.a(altera_nios2_qsys_irq.o)
 .data          0x0000000008013cc4        0x0 ../hello_world_bsp/\libhal_bsp.a(alt_exception_entry.o)
 .data          0x0000000008013cc4        0x0 z:/programs/altera/15.0/nios2eds/bin/gnu/h-x86_64-mingw32/bin/../lib/gcc/nios2-elf/4.9.1/../../../../../H-x86_64-mingw32/nios2-elf/lib/mno-hw-mul\libc.a(lib_a-atexit.o)
 .data          0x0000000008013cc4        0x0 z:/programs/altera/15.0/nios2eds/bin/gnu/h-x86_64-mingw32/bin/../lib/gcc/nios2-elf/4.9.1/../../../../../H-x86_64-mingw32/nios2-elf/lib/mno-hw-mul\libc.a(lib_a-exit.o)
 .data          0x0000000008013cc4        0x0 z:/programs/altera/15.0/nios2eds/bin/gnu/h-x86_64-mingw32/bin/../lib/gcc/nios2-elf/4.9.1/../../../../../H-x86_64-mingw32/nios2-elf/lib/mno-hw-mul\libc.a(lib_a-memcmp.o)
 .data          0x0000000008013cc4        0x0 z:/programs/altera/15.0/nios2eds/bin/gnu/h-x86_64-mingw32/bin/../lib/gcc/nios2-elf/4.9.1/../../../../../H-x86_64-mingw32/nios2-elf/lib/mno-hw-mul\libc.a(lib_a-__atexit.o)
 .data          0x0000000008013cc4        0x0 z:/programs/altera/15.0/nios2eds/bin/gnu/h-x86_64-mingw32/bin/../lib/gcc/nios2-elf/4.9.1/../../../../../H-x86_64-mingw32/nios2-elf/lib/mno-hw-mul\libc.a(lib_a-__call_atexit.o)
 .data          0x0000000008013cc4        0x0 ../hello_world_bsp/\libhal_bsp.a(alt_exit.o)
                0x000000000801bcc4                _gp = ABSOLUTE ((. + 0x8000))
                0x000000000801bcc4                PROVIDE (gp, _gp)
 *(.rwdata .rwdata.*)
 *(.sdata .sdata.* .gnu.linkonce.s.*)
 .sdata         0x0000000008013cc4        0x8 z:/programs/altera/15.0/nios2eds/bin/gnu/h-x86_64-mingw32/bin/../lib/gcc/nios2-elf/4.9.1/../../../../../H-x86_64-mingw32/nios2-elf/lib/mno-hw-mul\libc.a(lib_a-impure.o)
                0x0000000008013cc4                _global_impure_ptr
                0x0000000008013cc8                _impure_ptr
 .sdata         0x0000000008013ccc        0x8 z:/programs/altera/15.0/nios2eds/bin/gnu/h-x86_64-mingw32/bin/../lib/gcc/nios2-elf/4.9.1/../../../../../H-x86_64-mingw32/nios2-elf/lib/mno-hw-mul\libc.a(lib_a-mallocr.o)
                0x0000000008013ccc                __malloc_sbrk_base
                0x0000000008013cd0                __malloc_trim_threshold
 .sdata         0x0000000008013cd4        0x4 z:/programs/altera/15.0/nios2eds/bin/gnu/h-x86_64-mingw32/bin/../lib/gcc/nios2-elf/4.9.1/../../../../../H-x86_64-mingw32/nios2-elf/lib/mno-hw-mul\libc.a(lib_a-ctype_.o)
                0x0000000008013cd4                __ctype_ptr__
 .sdata         0x0000000008013cd8        0x4 z:/programs/altera/15.0/nios2eds/bin/gnu/h-x86_64-mingw32/bin/../lib/gcc/nios2-elf/4.9.1/../../../../../H-x86_64-mingw32/nios2-elf/lib/mno-hw-mul\libc.a(lib_a-locale.o)
                0x0000000008013cd8                __mb_cur_max
 .sdata         0x0000000008013cdc        0x4 z:/programs/altera/15.0/nios2eds/bin/gnu/h-x86_64-mingw32/bin/../lib/gcc/nios2-elf/4.9.1/../../../../../H-x86_64-mingw32/nios2-elf/lib/mno-hw-mul\libc.a(lib_a-wctomb_r.o)
                0x0000000008013cdc                __wctomb
 .sdata         0x0000000008013ce0       0x14 ../hello_world_bsp/\libhal_bsp.a(alt_dev.o)
                0x0000000008013ce0                alt_fs_list
                0x0000000008013ce8                alt_dev_list
                0x0000000008013cf0                alt_max_fd
 .sdata         0x0000000008013cf4        0x4 ../hello_world_bsp/\libhal_bsp.a(alt_errno.o)
                0x0000000008013cf4                alt_errno
 .sdata         0x0000000008013cf8        0x4 ../hello_world_bsp/\libhal_bsp.a(alt_sbrk.o)
 .sdata         0x0000000008013cfc        0x4 ../hello_world_bsp/\libhal_bsp.a(alt_irq_vars.o)
                0x0000000008013cfc                alt_priority_mask
 .sdata         0x0000000008013d00        0x8 ../hello_world_bsp/\libhal_bsp.a(alt_tick.o)
                0x0000000008013d00                alt_alarm_list
 *(.sdata2 .sdata2.* .gnu.linkonce.s2.*)
                0x0000000008013d08                . = ALIGN (0x4)
                0x0000000008013d08                _edata = ABSOLUTE (.)
                0x0000000008013d08                PROVIDE (edata, ABSOLUTE (.))
                0x0000000008013d08                PROVIDE (__ram_rwdata_end, ABSOLUTE (.))
                0x0000000008013d08                PROVIDE (__flash_rwdata_start, LOADADDR (.rwdata))

.bss            0x00000000080158bc      0x15c
                0x00000000080158bc                __bss_start = ABSOLUTE (.)
                0x00000000080158bc                PROVIDE (__sbss_start, ABSOLUTE (.))
                0x00000000080158bc                PROVIDE (___sbss_start, ABSOLUTE (.))
 *(.dynsbss)
 *(.sbss .sbss.* .gnu.linkonce.sb.*)
 .sbss          0x00000000080158bc        0x4 z:/programs/altera/15.0/nios2eds/bin/gnu/h-x86_64-mingw32/bin/../lib/gcc/nios2-elf/4.9.1/../../../../../H-x86_64-mingw32/nios2-elf/lib/mno-hw-mul\libc.a(lib_a-int_errno.o)
                0x00000000080158bc                errno
 .sbss          0x00000000080158c0        0xc z:/programs/altera/15.0/nios2eds/bin/gnu/h-x86_64-mingw32/bin/../lib/gcc/nios2-elf/4.9.1/../../../../../H-x86_64-mingw32/nios2-elf/lib/mno-hw-mul\libc.a(lib_a-mallocr.o)
                0x00000000080158c0                __malloc_max_total_mem
                0x00000000080158c4                __malloc_max_sbrked_mem
                0x00000000080158c8                __malloc_top_pad
 .sbss          0x00000000080158cc        0xc z:/programs/altera/15.0/nios2eds/bin/gnu/h-x86_64-mingw32/bin/../lib/gcc/nios2-elf/4.9.1/../../../../../H-x86_64-mingw32/nios2-elf/lib/mno-hw-mul\libc.a(lib_a-locale.o)
                0x00000000080158cc                _PathLocale
                0x00000000080158d0                __mlocale_changed
                0x00000000080158d4                __nlocale_changed
 .sbss          0x00000000080158d8        0xc ../hello_world_bsp/\libhal_bsp.a(alt_main.o)
                0x00000000080158d8                alt_argc
                0x00000000080158dc                alt_argv
                0x00000000080158e0                alt_envp
 .sbss          0x00000000080158e4        0x4 ../hello_world_bsp/\libhal_bsp.a(alt_irq_vars.o)
                0x00000000080158e4                alt_irq_active
 .sbss          0x00000000080158e8        0x8 ../hello_world_bsp/\libhal_bsp.a(alt_tick.o)
                0x00000000080158e8                _alt_tick_rate
                0x00000000080158ec                _alt_nticks
 *(.sbss2 .sbss2.* .gnu.linkonce.sb2.*)
 *(.scommon)
                0x00000000080158f0                PROVIDE (__sbss_end, ABSOLUTE (.))
                0x00000000080158f0                PROVIDE (___sbss_end, ABSOLUTE (.))
 *(.dynbss)
 *(.bss .bss.* .gnu.linkonce.b.*)
 .bss           0x00000000080158f0        0x0 ../hello_world_bsp//obj/HAL/src/crt0.o
 .bss           0x00000000080158f0        0x0 obj/default/hello_world.o
 .bss           0x00000000080158f0        0x0 z:/programs/altera/15.0/nios2eds/bin/gnu/h-x86_64-mingw32/bin/../lib/gcc/nios2-elf/4.9.1/../../../../../H-x86_64-mingw32/nios2-elf/lib/mno-hw-mul\libc.a(lib_a-atoi.o)
 .bss           0x00000000080158f0        0x0 z:/programs/altera/15.0/nios2eds/bin/gnu/h-x86_64-mingw32/bin/../lib/gcc/nios2-elf/4.9.1/../../../../../H-x86_64-mingw32/nios2-elf/lib/mno-hw-mul\libc.a(lib_a-fclose.o)
 .bss           0x00000000080158f0        0x0 z:/programs/altera/15.0/nios2eds/bin/gnu/h-x86_64-mingw32/bin/../lib/gcc/nios2-elf/4.9.1/../../../../../H-x86_64-mingw32/nios2-elf/lib/mno-hw-mul\libc.a(lib_a-fflush.o)
 .bss           0x00000000080158f0        0x0 z:/programs/altera/15.0/nios2eds/bin/gnu/h-x86_64-mingw32/bin/../lib/gcc/nios2-elf/4.9.1/../../../../../H-x86_64-mingw32/nios2-elf/lib/mno-hw-mul\libc.a(lib_a-findfp.o)
 .bss           0x00000000080158f0        0x0 z:/programs/altera/15.0/nios2eds/bin/gnu/h-x86_64-mingw32/bin/../lib/gcc/nios2-elf/4.9.1/../../../../../H-x86_64-mingw32/nios2-elf/lib/mno-hw-mul\libc.a(lib_a-fopen.o)
 .bss           0x00000000080158f0        0x0 z:/programs/altera/15.0/nios2eds/bin/gnu/h-x86_64-mingw32/bin/../lib/gcc/nios2-elf/4.9.1/../../../../../H-x86_64-mingw32/nios2-elf/lib/mno-hw-mul\libc.a(lib_a-freer.o)
 .bss           0x00000000080158f0        0x0 z:/programs/altera/15.0/nios2eds/bin/gnu/h-x86_64-mingw32/bin/../lib/gcc/nios2-elf/4.9.1/../../../../../H-x86_64-mingw32/nios2-elf/lib/mno-hw-mul\libc.a(lib_a-fseek.o)
 .bss           0x00000000080158f0        0x0 z:/programs/altera/15.0/nios2eds/bin/gnu/h-x86_64-mingw32/bin/../lib/gcc/nios2-elf/4.9.1/../../../../../H-x86_64-mingw32/nios2-elf/lib/mno-hw-mul\libc.a(lib_a-fstatr.o)
 .bss           0x00000000080158f0        0x0 z:/programs/altera/15.0/nios2eds/bin/gnu/h-x86_64-mingw32/bin/../lib/gcc/nios2-elf/4.9.1/../../../../../H-x86_64-mingw32/nios2-elf/lib/mno-hw-mul\libc.a(lib_a-fwalk.o)
 .bss           0x00000000080158f0        0x0 z:/programs/altera/15.0/nios2eds/bin/gnu/h-x86_64-mingw32/bin/../lib/gcc/nios2-elf/4.9.1/../../../../../H-x86_64-mingw32/nios2-elf/lib/mno-hw-mul\libc.a(lib_a-fwrite.o)
 .bss           0x00000000080158f0        0x0 z:/programs/altera/15.0/nios2eds/bin/gnu/h-x86_64-mingw32/bin/../lib/gcc/nios2-elf/4.9.1/../../../../../H-x86_64-mingw32/nios2-elf/lib/mno-hw-mul\libc.a(lib_a-getc.o)
 .bss           0x00000000080158f0        0x0 z:/programs/altera/15.0/nios2eds/bin/gnu/h-x86_64-mingw32/bin/../lib/gcc/nios2-elf/4.9.1/../../../../../H-x86_64-mingw32/nios2-elf/lib/mno-hw-mul\libc.a(lib_a-impure.o)
 .bss           0x00000000080158f0        0x0 z:/programs/altera/15.0/nios2eds/bin/gnu/h-x86_64-mingw32/bin/../lib/gcc/nios2-elf/4.9.1/../../../../../H-x86_64-mingw32/nios2-elf/lib/mno-hw-mul\libc.a(lib_a-int_errno.o)
 .bss           0x00000000080158f0        0x0 z:/programs/altera/15.0/nios2eds/bin/gnu/h-x86_64-mingw32/bin/../lib/gcc/nios2-elf/4.9.1/../../../../../H-x86_64-mingw32/nios2-elf/lib/mno-hw-mul\libc.a(lib_a-makebuf.o)
 .bss           0x00000000080158f0       0x28 z:/programs/altera/15.0/nios2eds/bin/gnu/h-x86_64-mingw32/bin/../lib/gcc/nios2-elf/4.9.1/../../../../../H-x86_64-mingw32/nios2-elf/lib/mno-hw-mul\libc.a(lib_a-mallocr.o)
                0x00000000080158f0                __malloc_current_mallinfo
 .bss           0x0000000008015918        0x0 z:/programs/altera/15.0/nios2eds/bin/gnu/h-x86_64-mingw32/bin/../lib/gcc/nios2-elf/4.9.1/../../../../../H-x86_64-mingw32/nios2-elf/lib/mno-hw-mul\libc.a(lib_a-memset.o)
 .bss           0x0000000008015918        0x0 z:/programs/altera/15.0/nios2eds/bin/gnu/h-x86_64-mingw32/bin/../lib/gcc/nios2-elf/4.9.1/../../../../../H-x86_64-mingw32/nios2-elf/lib/mno-hw-mul\libc.a(lib_a-openr.o)
 .bss           0x0000000008015918        0x0 z:/programs/altera/15.0/nios2eds/bin/gnu/h-x86_64-mingw32/bin/../lib/gcc/nios2-elf/4.9.1/../../../../../H-x86_64-mingw32/nios2-elf/lib/mno-hw-mul\libc.a(lib_a-printf.o)
 .bss           0x0000000008015918        0x0 z:/programs/altera/15.0/nios2eds/bin/gnu/h-x86_64-mingw32/bin/../lib/gcc/nios2-elf/4.9.1/../../../../../H-x86_64-mingw32/nios2-elf/lib/mno-hw-mul\libc.a(lib_a-puts.o)
 .bss           0x0000000008015918        0x0 z:/programs/altera/15.0/nios2eds/bin/gnu/h-x86_64-mingw32/bin/../lib/gcc/nios2-elf/4.9.1/../../../../../H-x86_64-mingw32/nios2-elf/lib/mno-hw-mul\libc.a(lib_a-refill.o)
 .bss           0x0000000008015918        0x0 z:/programs/altera/15.0/nios2eds/bin/gnu/h-x86_64-mingw32/bin/../lib/gcc/nios2-elf/4.9.1/../../../../../H-x86_64-mingw32/nios2-elf/lib/mno-hw-mul\libc.a(lib_a-rget.o)
 .bss           0x0000000008015918        0x0 z:/programs/altera/15.0/nios2eds/bin/gnu/h-x86_64-mingw32/bin/../lib/gcc/nios2-elf/4.9.1/../../../../../H-x86_64-mingw32/nios2-elf/lib/mno-hw-mul\libc.a(lib_a-sbrkr.o)
 .bss           0x0000000008015918        0x0 z:/programs/altera/15.0/nios2eds/bin/gnu/h-x86_64-mingw32/bin/../lib/gcc/nios2-elf/4.9.1/../../../../../H-x86_64-mingw32/nios2-elf/lib/mno-hw-mul\libc.a(lib_a-stdio.o)
 .bss           0x0000000008015918        0x0 z:/programs/altera/15.0/nios2eds/bin/gnu/h-x86_64-mingw32/bin/../lib/gcc/nios2-elf/4.9.1/../../../../../H-x86_64-mingw32/nios2-elf/lib/mno-hw-mul\libc.a(lib_a-strlen.o)
 .bss           0x0000000008015918        0x0 z:/programs/altera/15.0/nios2eds/bin/gnu/h-x86_64-mingw32/bin/../lib/gcc/nios2-elf/4.9.1/../../../../../H-x86_64-mingw32/nios2-elf/lib/mno-hw-mul\libc.a(lib_a-strncmp.o)
 .bss           0x0000000008015918        0x0 z:/programs/altera/15.0/nios2eds/bin/gnu/h-x86_64-mingw32/bin/../lib/gcc/nios2-elf/4.9.1/../../../../../H-x86_64-mingw32/nios2-elf/lib/mno-hw-mul\libc.a(lib_a-strtol.o)
 .bss           0x0000000008015918        0x0 z:/programs/altera/15.0/nios2eds/bin/gnu/h-x86_64-mingw32/bin/../lib/gcc/nios2-elf/4.9.1/../../../../../H-x86_64-mingw32/nios2-elf/lib/mno-hw-mul\libc.a(lib_a-vfprintf.o)
 .bss           0x0000000008015918        0x0 z:/programs/altera/15.0/nios2eds/bin/gnu/h-x86_64-mingw32/bin/../lib/gcc/nios2-elf/4.9.1/../../../../../H-x86_64-mingw32/nios2-elf/lib/mno-hw-mul\libc.a(lib_a-writer.o)
 .bss           0x0000000008015918        0x0 z:/programs/altera/15.0/nios2eds/bin/gnu/h-x86_64-mingw32/bin/../lib/gcc/nios2-elf/4.9.1/../../../../../H-x86_64-mingw32/nios2-elf/lib/mno-hw-mul\libc.a(lib_a-wsetup.o)
 .bss           0x0000000008015918        0x0 z:/programs/altera/15.0/nios2eds/bin/gnu/h-x86_64-mingw32/bin/../lib/gcc/nios2-elf/4.9.1/../../../../../H-x86_64-mingw32/nios2-elf/lib/mno-hw-mul\libc.a(closer.o)
 .bss           0x0000000008015918        0x0 z:/programs/altera/15.0/nios2eds/bin/gnu/h-x86_64-mingw32/bin/../lib/gcc/nios2-elf/4.9.1/../../../../../H-x86_64-mingw32/nios2-elf/lib/mno-hw-mul\libc.a(lib_a-ctype_.o)
 .bss           0x0000000008015918        0x0 z:/programs/altera/15.0/nios2eds/bin/gnu/h-x86_64-mingw32/bin/../lib/gcc/nios2-elf/4.9.1/../../../../../H-x86_64-mingw32/nios2-elf/lib/mno-hw-mul\libc.a(lib_a-dtoa.o)
 .bss           0x0000000008015918        0x0 z:/programs/altera/15.0/nios2eds/bin/gnu/h-x86_64-mingw32/bin/../lib/gcc/nios2-elf/4.9.1/../../../../../H-x86_64-mingw32/nios2-elf/lib/mno-hw-mul\libc.a(lib_a-flags.o)
 .bss           0x0000000008015918        0x0 z:/programs/altera/15.0/nios2eds/bin/gnu/h-x86_64-mingw32/bin/../lib/gcc/nios2-elf/4.9.1/../../../../../H-x86_64-mingw32/nios2-elf/lib/mno-hw-mul\libc.a(lib_a-fvwrite.o)
 .bss           0x0000000008015918        0x0 z:/programs/altera/15.0/nios2eds/bin/gnu/h-x86_64-mingw32/bin/../lib/gcc/nios2-elf/4.9.1/../../../../../H-x86_64-mingw32/nios2-elf/lib/mno-hw-mul\libc.a(lib_a-isattyr.o)
 .bss           0x0000000008015918        0x0 z:/programs/altera/15.0/nios2eds/bin/gnu/h-x86_64-mingw32/bin/../lib/gcc/nios2-elf/4.9.1/../../../../../H-x86_64-mingw32/nios2-elf/lib/mno-hw-mul\libc.a(lib_a-locale.o)
 .bss           0x0000000008015918        0x0 z:/programs/altera/15.0/nios2eds/bin/gnu/h-x86_64-mingw32/bin/../lib/gcc/nios2-elf/4.9.1/../../../../../H-x86_64-mingw32/nios2-elf/lib/mno-hw-mul\libc.a(lib_a-lseekr.o)
 .bss           0x0000000008015918        0x0 z:/programs/altera/15.0/nios2eds/bin/gnu/h-x86_64-mingw32/bin/../lib/gcc/nios2-elf/4.9.1/../../../../../H-x86_64-mingw32/nios2-elf/lib/mno-hw-mul\libc.a(lib_a-memchr.o)
 .bss           0x0000000008015918        0x0 z:/programs/altera/15.0/nios2eds/bin/gnu/h-x86_64-mingw32/bin/../lib/gcc/nios2-elf/4.9.1/../../../../../H-x86_64-mingw32/nios2-elf/lib/mno-hw-mul\libc.a(lib_a-memcpy.o)
 .bss           0x0000000008015918        0x0 z:/programs/altera/15.0/nios2eds/bin/gnu/h-x86_64-mingw32/bin/../lib/gcc/nios2-elf/4.9.1/../../../../../H-x86_64-mingw32/nios2-elf/lib/mno-hw-mul\libc.a(lib_a-memmove.o)
 .bss           0x0000000008015918        0x0 z:/programs/altera/15.0/nios2eds/bin/gnu/h-x86_64-mingw32/bin/../lib/gcc/nios2-elf/4.9.1/../../../../../H-x86_64-mingw32/nios2-elf/lib/mno-hw-mul\libc.a(lib_a-mprec.o)
 .bss           0x0000000008015918        0x0 z:/programs/altera/15.0/nios2eds/bin/gnu/h-x86_64-mingw32/bin/../lib/gcc/nios2-elf/4.9.1/../../../../../H-x86_64-mingw32/nios2-elf/lib/mno-hw-mul\libc.a(lib_a-readr.o)
 .bss           0x0000000008015918        0x0 z:/programs/altera/15.0/nios2eds/bin/gnu/h-x86_64-mingw32/bin/../lib/gcc/nios2-elf/4.9.1/../../../../../H-x86_64-mingw32/nios2-elf/lib/mno-hw-mul\libc.a(lib_a-reallocr.o)
 .bss           0x0000000008015918        0x0 z:/programs/altera/15.0/nios2eds/bin/gnu/h-x86_64-mingw32/bin/../lib/gcc/nios2-elf/4.9.1/../../../../../H-x86_64-mingw32/nios2-elf/lib/mno-hw-mul\libc.a(lib_a-s_fpclassify.o)
 .bss           0x0000000008015918        0x0 z:/programs/altera/15.0/nios2eds/bin/gnu/h-x86_64-mingw32/bin/../lib/gcc/nios2-elf/4.9.1/../../../../../H-x86_64-mingw32/nios2-elf/lib/mno-hw-mul\libc.a(lib_a-strcmp.o)
 .bss           0x0000000008015918        0x0 z:/programs/altera/15.0/nios2eds/bin/gnu/h-x86_64-mingw32/bin/../lib/gcc/nios2-elf/4.9.1/../../../../../H-x86_64-mingw32/nios2-elf/lib/mno-hw-mul\libc.a(lib_a-vfiprintf.o)
 .bss           0x0000000008015918        0x0 z:/programs/altera/15.0/nios2eds/bin/gnu/h-x86_64-mingw32/bin/../lib/gcc/nios2-elf/4.9.1/../../../../../H-x86_64-mingw32/nios2-elf/lib/mno-hw-mul\libc.a(lib_a-callocr.o)
 .bss           0x0000000008015918        0x0 z:/programs/altera/15.0/nios2eds/bin/gnu/h-x86_64-mingw32/bin/../lib/gcc/nios2-elf/4.9.1/../../../../../H-x86_64-mingw32/nios2-elf/lib/mno-hw-mul\libc.a(lib_a-fputwc.o)
 .bss           0x0000000008015918        0x0 z:/programs/altera/15.0/nios2eds/bin/gnu/h-x86_64-mingw32/bin/../lib/gcc/nios2-elf/4.9.1/../../../../../H-x86_64-mingw32/nios2-elf/lib/mno-hw-mul\libc.a(lib_a-wbuf.o)
 .bss           0x0000000008015918        0x0 z:/programs/altera/15.0/nios2eds/bin/gnu/h-x86_64-mingw32/bin/../lib/gcc/nios2-elf/4.9.1/../../../../../H-x86_64-mingw32/nios2-elf/lib/mno-hw-mul\libc.a(lib_a-wcrtomb.o)
 .bss           0x0000000008015918        0x0 z:/programs/altera/15.0/nios2eds/bin/gnu/h-x86_64-mingw32/bin/../lib/gcc/nios2-elf/4.9.1/../../../../../H-x86_64-mingw32/nios2-elf/lib/mno-hw-mul\libc.a(lib_a-wctomb_r.o)
 .bss           0x0000000008015918        0x0 z:/programs/altera/15.0/nios2eds/bin/gnu/h-x86_64-mingw32/bin/../lib/gcc/nios2-elf/4.9.1/mno-hw-mul\libgcc.a(_udivdi3.o)
 .bss           0x0000000008015918        0x0 z:/programs/altera/15.0/nios2eds/bin/gnu/h-x86_64-mingw32/bin/../lib/gcc/nios2-elf/4.9.1/mno-hw-mul\libgcc.a(_umoddi3.o)
 .bss           0x0000000008015918        0x0 z:/programs/altera/15.0/nios2eds/bin/gnu/h-x86_64-mingw32/bin/../lib/gcc/nios2-elf/4.9.1/mno-hw-mul\libgcc.a(lib2-divmod.o)
 .bss           0x0000000008015918        0x0 z:/programs/altera/15.0/nios2eds/bin/gnu/h-x86_64-mingw32/bin/../lib/gcc/nios2-elf/4.9.1/mno-hw-mul\libgcc.a(lib2-mul.o)
 .bss           0x0000000008015918        0x0 z:/programs/altera/15.0/nios2eds/bin/gnu/h-x86_64-mingw32/bin/../lib/gcc/nios2-elf/4.9.1/mno-hw-mul\libgcc.a(adddf3.o)
 .bss           0x0000000008015918        0x0 z:/programs/altera/15.0/nios2eds/bin/gnu/h-x86_64-mingw32/bin/../lib/gcc/nios2-elf/4.9.1/mno-hw-mul\libgcc.a(divdf3.o)
 .bss           0x0000000008015918        0x0 z:/programs/altera/15.0/nios2eds/bin/gnu/h-x86_64-mingw32/bin/../lib/gcc/nios2-elf/4.9.1/mno-hw-mul\libgcc.a(eqdf2.o)
 .bss           0x0000000008015918        0x0 z:/programs/altera/15.0/nios2eds/bin/gnu/h-x86_64-mingw32/bin/../lib/gcc/nios2-elf/4.9.1/mno-hw-mul\libgcc.a(gedf2.o)
 .bss           0x0000000008015918        0x0 z:/programs/altera/15.0/nios2eds/bin/gnu/h-x86_64-mingw32/bin/../lib/gcc/nios2-elf/4.9.1/mno-hw-mul\libgcc.a(ledf2.o)
 .bss           0x0000000008015918        0x0 z:/programs/altera/15.0/nios2eds/bin/gnu/h-x86_64-mingw32/bin/../lib/gcc/nios2-elf/4.9.1/mno-hw-mul\libgcc.a(muldf3.o)
 .bss           0x0000000008015918        0x0 z:/programs/altera/15.0/nios2eds/bin/gnu/h-x86_64-mingw32/bin/../lib/gcc/nios2-elf/4.9.1/mno-hw-mul\libgcc.a(subdf3.o)
 .bss           0x0000000008015918        0x0 z:/programs/altera/15.0/nios2eds/bin/gnu/h-x86_64-mingw32/bin/../lib/gcc/nios2-elf/4.9.1/mno-hw-mul\libgcc.a(fixdfsi.o)
 .bss           0x0000000008015918        0x0 z:/programs/altera/15.0/nios2eds/bin/gnu/h-x86_64-mingw32/bin/../lib/gcc/nios2-elf/4.9.1/mno-hw-mul\libgcc.a(floatsidf.o)
 .bss           0x0000000008015918        0x0 z:/programs/altera/15.0/nios2eds/bin/gnu/h-x86_64-mingw32/bin/../lib/gcc/nios2-elf/4.9.1/mno-hw-mul\libgcc.a(floatunsidf.o)
 .bss           0x0000000008015918        0x0 z:/programs/altera/15.0/nios2eds/bin/gnu/h-x86_64-mingw32/bin/../lib/gcc/nios2-elf/4.9.1/mno-hw-mul\libgcc.a(_clz.o)
 .bss           0x0000000008015918        0x0 z:/programs/altera/15.0/nios2eds/bin/gnu/h-x86_64-mingw32/bin/../lib/gcc/nios2-elf/4.9.1/mno-hw-mul\libgcc.a(_clzsi2.o)
 .bss           0x0000000008015918        0x0 ../hello_world_bsp/\libhal_bsp.a(alt_close.o)
 .bss           0x0000000008015918        0x0 ../hello_world_bsp/\libhal_bsp.a(alt_dev.o)
 .bss           0x0000000008015918        0x0 ../hello_world_bsp/\libhal_bsp.a(alt_errno.o)
 .bss           0x0000000008015918        0x0 ../hello_world_bsp/\libhal_bsp.a(alt_fstat.o)
 .bss           0x0000000008015918        0x0 ../hello_world_bsp/\libhal_bsp.a(alt_isatty.o)
 .bss           0x0000000008015918        0x0 ../hello_world_bsp/\libhal_bsp.a(alt_load.o)
 .bss           0x0000000008015918        0x0 ../hello_world_bsp/\libhal_bsp.a(alt_lseek.o)
 .bss           0x0000000008015918        0x0 ../hello_world_bsp/\libhal_bsp.a(alt_main.o)
 .bss           0x0000000008015918        0x0 ../hello_world_bsp/\libhal_bsp.a(alt_malloc_lock.o)
 .bss           0x0000000008015918        0x0 ../hello_world_bsp/\libhal_bsp.a(alt_open.o)
 .bss           0x0000000008015918        0x0 ../hello_world_bsp/\libhal_bsp.a(alt_read.o)
 .bss           0x0000000008015918        0x0 ../hello_world_bsp/\libhal_bsp.a(alt_release_fd.o)
 .bss           0x0000000008015918        0x0 ../hello_world_bsp/\libhal_bsp.a(alt_sbrk.o)
 .bss           0x0000000008015918        0x0 ../hello_world_bsp/\libhal_bsp.a(alt_usleep.o)
 .bss           0x0000000008015918        0x0 ../hello_world_bsp/\libhal_bsp.a(alt_write.o)
 .bss           0x0000000008015918        0x0 ../hello_world_bsp/\libhal_bsp.a(alt_sys_init.o)
 .bss           0x0000000008015918        0x0 ../hello_world_bsp/\libhal_bsp.a(altera_avalon_jtag_uart_fd.o)
 .bss           0x0000000008015918        0x0 ../hello_world_bsp/\libhal_bsp.a(altera_avalon_jtag_uart_init.o)
 .bss           0x0000000008015918        0x0 ../hello_world_bsp/\libhal_bsp.a(altera_avalon_jtag_uart_ioctl.o)
 .bss           0x0000000008015918        0x0 ../hello_world_bsp/\libhal_bsp.a(altera_avalon_jtag_uart_read.o)
 .bss           0x0000000008015918        0x0 ../hello_world_bsp/\libhal_bsp.a(altera_avalon_jtag_uart_write.o)
 .bss           0x0000000008015918        0x0 ../hello_world_bsp/\libhal_bsp.a(altera_avalon_timer_sc.o)
 .bss           0x0000000008015918        0x0 ../hello_world_bsp/\libhal_bsp.a(altera_avalon_uart_fd.o)
 .bss           0x0000000008015918        0x0 ../hello_world_bsp/\libhal_bsp.a(altera_avalon_uart_init.o)
 .bss           0x0000000008015918        0x0 ../hello_world_bsp/\libhal_bsp.a(altera_avalon_uart_read.o)
 .bss           0x0000000008015918        0x0 ../hello_world_bsp/\libhal_bsp.a(altera_avalon_uart_write.o)
 .bss           0x0000000008015918        0x0 ../hello_world_bsp/\libhal_bsp.a(alt_alarm_start.o)
 .bss           0x0000000008015918        0x0 ../hello_world_bsp/\libhal_bsp.a(alt_busy_sleep.o)
 .bss           0x0000000008015918        0x0 ../hello_world_bsp/\libhal_bsp.a(alt_dcache_flush_all.o)
 .bss           0x0000000008015918        0x0 ../hello_world_bsp/\libhal_bsp.a(alt_dev_llist_insert.o)
 .bss           0x0000000008015918        0x0 ../hello_world_bsp/\libhal_bsp.a(alt_do_ctors.o)
 .bss           0x0000000008015918        0x0 ../hello_world_bsp/\libhal_bsp.a(alt_do_dtors.o)
 .bss           0x0000000008015918        0x0 ../hello_world_bsp/\libhal_bsp.a(alt_find_dev.o)
 .bss           0x0000000008015918        0x0 ../hello_world_bsp/\libhal_bsp.a(alt_find_file.o)
 .bss           0x0000000008015918        0x0 ../hello_world_bsp/\libhal_bsp.a(alt_get_fd.o)
 .bss           0x0000000008015918        0x0 ../hello_world_bsp/\libhal_bsp.a(alt_icache_flush_all.o)
 .bss           0x0000000008015918        0x0 ../hello_world_bsp/\libhal_bsp.a(alt_iic.o)
 .bss           0x0000000008015918        0x0 ../hello_world_bsp/\libhal_bsp.a(alt_iic_isr_register.o)
 .bss           0x0000000008015918        0x0 ../hello_world_bsp/\libhal_bsp.a(alt_io_redirect.o)
 .bss           0x0000000008015918        0x0 ../hello_world_bsp/\libhal_bsp.a(alt_irq_entry.o)
 .bss           0x0000000008015918        0x0 ../hello_world_bsp/\libhal_bsp.a(alt_irq_handler.o)
 .bss           0x0000000008015918        0x0 ../hello_world_bsp/\libhal_bsp.a(alt_irq_vars.o)
 .bss           0x0000000008015918        0x0 ../hello_world_bsp/\libhal_bsp.a(alt_tick.o)
 .bss           0x0000000008015918        0x0 ../hello_world_bsp/\libhal_bsp.a(altera_nios2_qsys_irq.o)
 .bss           0x0000000008015918        0x0 ../hello_world_bsp/\libhal_bsp.a(alt_exception_entry.o)
 .bss           0x0000000008015918        0x0 z:/programs/altera/15.0/nios2eds/bin/gnu/h-x86_64-mingw32/bin/../lib/gcc/nios2-elf/4.9.1/../../../../../H-x86_64-mingw32/nios2-elf/lib/mno-hw-mul\libc.a(lib_a-atexit.o)
 .bss           0x0000000008015918        0x0 z:/programs/altera/15.0/nios2eds/bin/gnu/h-x86_64-mingw32/bin/../lib/gcc/nios2-elf/4.9.1/../../../../../H-x86_64-mingw32/nios2-elf/lib/mno-hw-mul\libc.a(lib_a-exit.o)
 .bss           0x0000000008015918        0x0 z:/programs/altera/15.0/nios2eds/bin/gnu/h-x86_64-mingw32/bin/../lib/gcc/nios2-elf/4.9.1/../../../../../H-x86_64-mingw32/nios2-elf/lib/mno-hw-mul\libc.a(lib_a-memcmp.o)
 .bss           0x0000000008015918        0x0 z:/programs/altera/15.0/nios2eds/bin/gnu/h-x86_64-mingw32/bin/../lib/gcc/nios2-elf/4.9.1/../../../../../H-x86_64-mingw32/nios2-elf/lib/mno-hw-mul\libc.a(lib_a-__atexit.o)
 .bss           0x0000000008015918        0x0 z:/programs/altera/15.0/nios2eds/bin/gnu/h-x86_64-mingw32/bin/../lib/gcc/nios2-elf/4.9.1/../../../../../H-x86_64-mingw32/nios2-elf/lib/mno-hw-mul\libc.a(lib_a-__call_atexit.o)
 .bss           0x0000000008015918        0x0 ../hello_world_bsp/\libhal_bsp.a(alt_exit.o)
 *(COMMON)
 COMMON         0x0000000008015918      0x100 ../hello_world_bsp/\libhal_bsp.a(alt_irq_handler.o)
                0x0000000008015918                alt_irq
                0x0000000008015a18                . = ALIGN (0x4)
                0x0000000008015a18                __bss_end = ABSOLUTE (.)

.onchip_memory2_0
                0x0000000000000000        0x0 load address 0x0000000008015a18
                0x0000000000000000                PROVIDE (_alt_partition_onchip_memory2_0_start, ABSOLUTE (.))
 *(.onchip_memory2_0 .onchip_memory2_0. onchip_memory2_0.*)
                0x0000000000000000                . = ALIGN (0x4)
                0x0000000000000000                PROVIDE (_alt_partition_onchip_memory2_0_end, ABSOLUTE (.))
                0x0000000008015a18                PROVIDE (_alt_partition_onchip_memory2_0_load_addr, LOADADDR (.onchip_memory2_0))

.SDRAM          0x0000000008015a18        0x0
                0x0000000008015a18                PROVIDE (_alt_partition_SDRAM_start, ABSOLUTE (.))
 *(.SDRAM .SDRAM. SDRAM.*)
                0x0000000008015a18                . = ALIGN (0x4)
                0x0000000008015a18                PROVIDE (_alt_partition_SDRAM_end, ABSOLUTE (.))
                0x0000000008015a18                _end = ABSOLUTE (.)
                0x0000000008015a18                end = ABSOLUTE (.)
                0x0000000008015a18                __alt_stack_base = ABSOLUTE (.)
                0x0000000008015a18                PROVIDE (_alt_partition_SDRAM_load_addr, LOADADDR (.SDRAM))

.stab
 *(.stab)

.stabstr
 *(.stabstr)

.stab.excl
 *(.stab.excl)

.stab.exclstr
 *(.stab.exclstr)

.stab.index
 *(.stab.index)

.stab.indexstr
 *(.stab.indexstr)

.comment        0x0000000000000000       0x23
 *(.comment)
 .comment       0x0000000000000000       0x23 obj/default/hello_world.o
                                         0x24 (size before relaxing)
 .comment       0x0000000000000000       0x24 z:/programs/altera/15.0/nios2eds/bin/gnu/h-x86_64-mingw32/bin/../lib/gcc/nios2-elf/4.9.1/../../../../../H-x86_64-mingw32/nios2-elf/lib/mno-hw-mul\libc.a(lib_a-atoi.o)
 .comment       0x0000000000000000       0x24 z:/programs/altera/15.0/nios2eds/bin/gnu/h-x86_64-mingw32/bin/../lib/gcc/nios2-elf/4.9.1/../../../../../H-x86_64-mingw32/nios2-elf/lib/mno-hw-mul\libc.a(lib_a-fclose.o)
 .comment       0x0000000000000000       0x24 z:/programs/altera/15.0/nios2eds/bin/gnu/h-x86_64-mingw32/bin/../lib/gcc/nios2-elf/4.9.1/../../../../../H-x86_64-mingw32/nios2-elf/lib/mno-hw-mul\libc.a(lib_a-fflush.o)
 .comment       0x0000000000000000       0x24 z:/programs/altera/15.0/nios2eds/bin/gnu/h-x86_64-mingw32/bin/../lib/gcc/nios2-elf/4.9.1/../../../../../H-x86_64-mingw32/nios2-elf/lib/mno-hw-mul\libc.a(lib_a-findfp.o)
 .comment       0x0000000000000000       0x24 z:/programs/altera/15.0/nios2eds/bin/gnu/h-x86_64-mingw32/bin/../lib/gcc/nios2-elf/4.9.1/../../../../../H-x86_64-mingw32/nios2-elf/lib/mno-hw-mul\libc.a(lib_a-fopen.o)
 .comment       0x0000000000000000       0x24 z:/programs/altera/15.0/nios2eds/bin/gnu/h-x86_64-mingw32/bin/../lib/gcc/nios2-elf/4.9.1/../../../../../H-x86_64-mingw32/nios2-elf/lib/mno-hw-mul\libc.a(lib_a-freer.o)
 .comment       0x0000000000000000       0x24 z:/programs/altera/15.0/nios2eds/bin/gnu/h-x86_64-mingw32/bin/../lib/gcc/nios2-elf/4.9.1/../../../../../H-x86_64-mingw32/nios2-elf/lib/mno-hw-mul\libc.a(lib_a-fseek.o)
 .comment       0x0000000000000000       0x24 z:/programs/altera/15.0/nios2eds/bin/gnu/h-x86_64-mingw32/bin/../lib/gcc/nios2-elf/4.9.1/../../../../../H-x86_64-mingw32/nios2-elf/lib/mno-hw-mul\libc.a(lib_a-fstatr.o)
 .comment       0x0000000000000000       0x24 z:/programs/altera/15.0/nios2eds/bin/gnu/h-x86_64-mingw32/bin/../lib/gcc/nios2-elf/4.9.1/../../../../../H-x86_64-mingw32/nios2-elf/lib/mno-hw-mul\libc.a(lib_a-fwalk.o)
 .comment       0x0000000000000000       0x24 z:/programs/altera/15.0/nios2eds/bin/gnu/h-x86_64-mingw32/bin/../lib/gcc/nios2-elf/4.9.1/../../../../../H-x86_64-mingw32/nios2-elf/lib/mno-hw-mul\libc.a(lib_a-fwrite.o)
 .comment       0x0000000000000000       0x24 z:/programs/altera/15.0/nios2eds/bin/gnu/h-x86_64-mingw32/bin/../lib/gcc/nios2-elf/4.9.1/../../../../../H-x86_64-mingw32/nios2-elf/lib/mno-hw-mul\libc.a(lib_a-getc.o)
 .comment       0x0000000000000000       0x24 z:/programs/altera/15.0/nios2eds/bin/gnu/h-x86_64-mingw32/bin/../lib/gcc/nios2-elf/4.9.1/../../../../../H-x86_64-mingw32/nios2-elf/lib/mno-hw-mul\libc.a(lib_a-impure.o)
 .comment       0x0000000000000000       0x24 z:/programs/altera/15.0/nios2eds/bin/gnu/h-x86_64-mingw32/bin/../lib/gcc/nios2-elf/4.9.1/../../../../../H-x86_64-mingw32/nios2-elf/lib/mno-hw-mul\libc.a(lib_a-int_errno.o)
 .comment       0x0000000000000000       0x24 z:/programs/altera/15.0/nios2eds/bin/gnu/h-x86_64-mingw32/bin/../lib/gcc/nios2-elf/4.9.1/../../../../../H-x86_64-mingw32/nios2-elf/lib/mno-hw-mul\libc.a(lib_a-makebuf.o)
 .comment       0x0000000000000000       0x24 z:/programs/altera/15.0/nios2eds/bin/gnu/h-x86_64-mingw32/bin/../lib/gcc/nios2-elf/4.9.1/../../../../../H-x86_64-mingw32/nios2-elf/lib/mno-hw-mul\libc.a(lib_a-mallocr.o)
 .comment       0x0000000000000000       0x24 z:/programs/altera/15.0/nios2eds/bin/gnu/h-x86_64-mingw32/bin/../lib/gcc/nios2-elf/4.9.1/../../../../../H-x86_64-mingw32/nios2-elf/lib/mno-hw-mul\libc.a(lib_a-memset.o)
 .comment       0x0000000000000000       0x24 z:/programs/altera/15.0/nios2eds/bin/gnu/h-x86_64-mingw32/bin/../lib/gcc/nios2-elf/4.9.1/../../../../../H-x86_64-mingw32/nios2-elf/lib/mno-hw-mul\libc.a(lib_a-openr.o)
 .comment       0x0000000000000000       0x24 z:/programs/altera/15.0/nios2eds/bin/gnu/h-x86_64-mingw32/bin/../lib/gcc/nios2-elf/4.9.1/../../../../../H-x86_64-mingw32/nios2-elf/lib/mno-hw-mul\libc.a(lib_a-printf.o)
 .comment       0x0000000000000000       0x24 z:/programs/altera/15.0/nios2eds/bin/gnu/h-x86_64-mingw32/bin/../lib/gcc/nios2-elf/4.9.1/../../../../../H-x86_64-mingw32/nios2-elf/lib/mno-hw-mul\libc.a(lib_a-puts.o)
 .comment       0x0000000000000000       0x24 z:/programs/altera/15.0/nios2eds/bin/gnu/h-x86_64-mingw32/bin/../lib/gcc/nios2-elf/4.9.1/../../../../../H-x86_64-mingw32/nios2-elf/lib/mno-hw-mul\libc.a(lib_a-refill.o)
 .comment       0x0000000000000000       0x24 z:/programs/altera/15.0/nios2eds/bin/gnu/h-x86_64-mingw32/bin/../lib/gcc/nios2-elf/4.9.1/../../../../../H-x86_64-mingw32/nios2-elf/lib/mno-hw-mul\libc.a(lib_a-rget.o)
 .comment       0x0000000000000000       0x24 z:/programs/altera/15.0/nios2eds/bin/gnu/h-x86_64-mingw32/bin/../lib/gcc/nios2-elf/4.9.1/../../../../../H-x86_64-mingw32/nios2-elf/lib/mno-hw-mul\libc.a(lib_a-sbrkr.o)
 .comment       0x0000000000000000       0x24 z:/programs/altera/15.0/nios2eds/bin/gnu/h-x86_64-mingw32/bin/../lib/gcc/nios2-elf/4.9.1/../../../../../H-x86_64-mingw32/nios2-elf/lib/mno-hw-mul\libc.a(lib_a-stdio.o)
 .comment       0x0000000000000000       0x24 z:/programs/altera/15.0/nios2eds/bin/gnu/h-x86_64-mingw32/bin/../lib/gcc/nios2-elf/4.9.1/../../../../../H-x86_64-mingw32/nios2-elf/lib/mno-hw-mul\libc.a(lib_a-strlen.o)